Archive member included to satisfy reference by file (symbol)

D:/ST/STM32CubeIDE_1.18.0/STM32CubeIDE/plugins/com.st.stm32cube.ide.mcu.externaltools.gnu-tools-for-stm32.13.3.rel1.win32_1.0.0.202411081344/tools/bin/../lib/gcc/arm-none-eabi/13.3.1/../../../../arm-none-eabi/lib/thumb/v7-m/nofp\libc_nano.a(libc_a-exit.o)
                              D:/ST/STM32CubeIDE_1.18.0/STM32CubeIDE/plugins/com.st.stm32cube.ide.mcu.externaltools.gnu-tools-for-stm32.13.3.rel1.win32_1.0.0.202411081344/tools/bin/../lib/gcc/arm-none-eabi/13.3.1/../../../../arm-none-eabi/lib/thumb/v7-m/nofp/crt0.o (exit)
D:/ST/STM32CubeIDE_1.18.0/STM32CubeIDE/plugins/com.st.stm32cube.ide.mcu.externaltools.gnu-tools-for-stm32.13.3.rel1.win32_1.0.0.202411081344/tools/bin/../lib/gcc/arm-none-eabi/13.3.1/../../../../arm-none-eabi/lib/thumb/v7-m/nofp\libc_nano.a(libc_a-findfp.o)
                              D:/ST/STM32CubeIDE_1.18.0/STM32CubeIDE/plugins/com.st.stm32cube.ide.mcu.externaltools.gnu-tools-for-stm32.13.3.rel1.win32_1.0.0.202411081344/tools/bin/../lib/gcc/arm-none-eabi/13.3.1/../../../../arm-none-eabi/lib/thumb/v7-m/nofp\libc_nano.a(libc_a-exit.o) (__stdio_exit_handler)
D:/ST/STM32CubeIDE_1.18.0/STM32CubeIDE/plugins/com.st.stm32cube.ide.mcu.externaltools.gnu-tools-for-stm32.13.3.rel1.win32_1.0.0.202411081344/tools/bin/../lib/gcc/arm-none-eabi/13.3.1/../../../../arm-none-eabi/lib/thumb/v7-m/nofp\libc_nano.a(libc_a-fwalk.o)
                              D:/ST/STM32CubeIDE_1.18.0/STM32CubeIDE/plugins/com.st.stm32cube.ide.mcu.externaltools.gnu-tools-for-stm32.13.3.rel1.win32_1.0.0.202411081344/tools/bin/../lib/gcc/arm-none-eabi/13.3.1/../../../../arm-none-eabi/lib/thumb/v7-m/nofp\libc_nano.a(libc_a-findfp.o) (_fwalk_sglue)
D:/ST/STM32CubeIDE_1.18.0/STM32CubeIDE/plugins/com.st.stm32cube.ide.mcu.externaltools.gnu-tools-for-stm32.13.3.rel1.win32_1.0.0.202411081344/tools/bin/../lib/gcc/arm-none-eabi/13.3.1/../../../../arm-none-eabi/lib/thumb/v7-m/nofp\libc_nano.a(libc_a-sprintf.o)
                              ./Core/Src/atk_mw1278d.o (sprintf)
D:/ST/STM32CubeIDE_1.18.0/STM32CubeIDE/plugins/com.st.stm32cube.ide.mcu.externaltools.gnu-tools-for-stm32.13.3.rel1.win32_1.0.0.202411081344/tools/bin/../lib/gcc/arm-none-eabi/13.3.1/../../../../arm-none-eabi/lib/thumb/v7-m/nofp\libc_nano.a(libc_a-stdio.o)
                              D:/ST/STM32CubeIDE_1.18.0/STM32CubeIDE/plugins/com.st.stm32cube.ide.mcu.externaltools.gnu-tools-for-stm32.13.3.rel1.win32_1.0.0.202411081344/tools/bin/../lib/gcc/arm-none-eabi/13.3.1/../../../../arm-none-eabi/lib/thumb/v7-m/nofp\libc_nano.a(libc_a-findfp.o) (__sread)
D:/ST/STM32CubeIDE_1.18.0/STM32CubeIDE/plugins/com.st.stm32cube.ide.mcu.externaltools.gnu-tools-for-stm32.13.3.rel1.win32_1.0.0.202411081344/tools/bin/../lib/gcc/arm-none-eabi/13.3.1/../../../../arm-none-eabi/lib/thumb/v7-m/nofp\libc_nano.a(libc_a-vsprintf.o)
                              ./Core/Src/atk_mw1278d_uart.o (vsprintf)
D:/ST/STM32CubeIDE_1.18.0/STM32CubeIDE/plugins/com.st.stm32cube.ide.mcu.externaltools.gnu-tools-for-stm32.13.3.rel1.win32_1.0.0.202411081344/tools/bin/../lib/gcc/arm-none-eabi/13.3.1/../../../../arm-none-eabi/lib/thumb/v7-m/nofp\libc_nano.a(libc_a-memset.o)
                              D:/ST/STM32CubeIDE_1.18.0/STM32CubeIDE/plugins/com.st.stm32cube.ide.mcu.externaltools.gnu-tools-for-stm32.13.3.rel1.win32_1.0.0.202411081344/tools/bin/../lib/gcc/arm-none-eabi/13.3.1/../../../../arm-none-eabi/lib/thumb/v7-m/nofp/crt0.o (memset)
D:/ST/STM32CubeIDE_1.18.0/STM32CubeIDE/plugins/com.st.stm32cube.ide.mcu.externaltools.gnu-tools-for-stm32.13.3.rel1.win32_1.0.0.202411081344/tools/bin/../lib/gcc/arm-none-eabi/13.3.1/../../../../arm-none-eabi/lib/thumb/v7-m/nofp\libc_nano.a(libc_a-strstr.o)
                              ./Core/Src/atk_mw1278d.o (strstr)
D:/ST/STM32CubeIDE_1.18.0/STM32CubeIDE/plugins/com.st.stm32cube.ide.mcu.externaltools.gnu-tools-for-stm32.13.3.rel1.win32_1.0.0.202411081344/tools/bin/../lib/gcc/arm-none-eabi/13.3.1/../../../../arm-none-eabi/lib/thumb/v7-m/nofp\libc_nano.a(libc_a-closer.o)
                              D:/ST/STM32CubeIDE_1.18.0/STM32CubeIDE/plugins/com.st.stm32cube.ide.mcu.externaltools.gnu-tools-for-stm32.13.3.rel1.win32_1.0.0.202411081344/tools/bin/../lib/gcc/arm-none-eabi/13.3.1/../../../../arm-none-eabi/lib/thumb/v7-m/nofp\libc_nano.a(libc_a-stdio.o) (_close_r)
D:/ST/STM32CubeIDE_1.18.0/STM32CubeIDE/plugins/com.st.stm32cube.ide.mcu.externaltools.gnu-tools-for-stm32.13.3.rel1.win32_1.0.0.202411081344/tools/bin/../lib/gcc/arm-none-eabi/13.3.1/../../../../arm-none-eabi/lib/thumb/v7-m/nofp\libc_nano.a(libc_a-reent.o)
                              D:/ST/STM32CubeIDE_1.18.0/STM32CubeIDE/plugins/com.st.stm32cube.ide.mcu.externaltools.gnu-tools-for-stm32.13.3.rel1.win32_1.0.0.202411081344/tools/bin/../lib/gcc/arm-none-eabi/13.3.1/../../../../arm-none-eabi/lib/thumb/v7-m/nofp\libc_nano.a(libc_a-closer.o) (errno)
[...]
Memory Configuration

Name             Origin             Length             Attributes
RAM              0x20000000         0x00005000         xrw
FLASH            0x08000000         0x00010000         xr
*default*        0x00000000         0xffffffff

Linker script and memory map

LOAD D:/ST/STM32CubeIDE_1.18.0/STM32CubeIDE/plugins/com.st.stm32cube.ide.mcu.externaltools.gnu-tools-for-stm32.13.3.rel1.win32_1.0.0.202411081344/tools/bin/../lib/gcc/arm-none-eabi/13.3.1/thumb/v7-m/nofp/crti.o
LOAD D:/ST/STM32CubeIDE_1.18.0/STM32CubeIDE/plugins/com.st.stm32cube.ide.mcu.externaltools.gnu-tools-for-stm32.13.3.rel1.win32_1.0.0.202411081344/tools/bin/../lib/gcc/arm-none-eabi/13.3.1/thumb/v7-m/nofp/crtbegin.o
LOAD D:/ST/STM32CubeIDE_1.18.0/STM32CubeIDE/plugins/com.st.stm32cube.ide.mcu.externaltools.gnu-tools-for-stm32.13.3.rel1.win32_1.0.0.202411081344/tools/bin/../lib/gcc/arm-none-eabi/13.3.1/../../../../arm-none-eabi/lib/thumb/v7-m/nofp/crt0.o
LOAD ./Core/Src/atk_mw1278d.o
LOAD ./Core/Src/atk_mw1278d_uart.o
LOAD ./Core/Src/bms_globals.o
LOAD ./Core/Src/can.o
LOAD ./Core/Src/delay.o
LOAD ./Core/Src/demo.o
LOAD ./Core/Src/gpio.o
LOAD ./Core/Src/main.o
LOAD ./Core/Src/stm32f1xx_hal_msp.o
LOAD ./Core/Src/stm32f1xx_it.o
LOAD ./Core/Src/sys.o
LOAD ./Core/Src/syscalls.o
LOAD ./Core/Src/sysmem.o
LOAD ./Core/Src/system_stm32f1xx.o
LOAD ./Core/Src/tim.o
LOAD ./Core/Src/usart.o
LOAD ./Core/Startup/startup_stm32f103c8tx.o
LOAD ./Drivers/STM32F1xx_HAL_Driver/Src/stm32f1xx_hal.o
LOAD ./Drivers/STM32F1xx_HAL_Driver/Src/stm32f1xx_hal_can.o
LOAD ./Drivers/STM32F1xx_HAL_Driver/Src/stm32f1xx_hal_cortex.o
LOAD ./Drivers/STM32F1xx_HAL_Driver/Src/stm32f1xx_hal_dma.o
LOAD ./Drivers/STM32F1xx_HAL_Driver/Src/stm32f1xx_hal_exti.o
LOAD ./Drivers/STM32F1xx_HAL_Driver/Src/stm32f1xx_hal_flash.o
LOAD ./Drivers/STM32F1xx_HAL_Driver/Src/stm32f1xx_hal_flash_ex.o
LOAD ./Drivers/STM32F1xx_HAL_Driver/Src/stm32f1xx_hal_gpio.o
LOAD ./Drivers/STM32F1xx_HAL_Driver/Src/stm32f1xx_hal_gpio_ex.o
LOAD ./Drivers/STM32F1xx_HAL_Driver/Src/stm32f1xx_hal_pwr.o
LOAD ./Drivers/STM32F1xx_HAL_Driver/Src/stm32f1xx_hal_rcc.o
LOAD ./Drivers/STM32F1xx_HAL_Driver/Src/stm32f1xx_hal_rcc_ex.o
LOAD ./Drivers/STM32F1xx_HAL_Driver/Src/stm32f1xx_hal_tim.o
LOAD ./Drivers/STM32F1xx_HAL_Driver/Src/stm32f1xx_hal_tim_ex.o
LOAD ./Drivers/STM32F1xx_HAL_Driver/Src/stm32f1xx_hal_uart.o
START GROUP
LOAD D:/ST/STM32CubeIDE_1.18.0/STM32CubeIDE/plugins/com.st.stm32cube.ide.mcu.externaltools.gnu-tools-for-stm32.13.3.rel1.win32_1.0.0.202411081344/tools/bin/../lib/gcc/arm-none-eabi/13.3.1/../../../../arm-none-eabi/lib/thumb/v7-m/nofp\libc_nano.a
LOAD D:/ST/STM32CubeIDE_1.18.0/STM32CubeIDE/plugins/com.st.stm32cube.ide.mcu.externaltools.gnu-tools-for-stm32.13.3.rel1.win32_1.0.0.202411081344/tools/bin/../lib/gcc/arm-none-eabi/13.3.1/../../../../arm-none-eabi/lib/thumb/v7-m/nofp\libm.a
END GROUP
START GROUP
LOAD D:/ST/STM32CubeIDE_1.18.0/STM32CubeIDE/plugins/com.st.stm32cube.ide.mcu.externaltools.gnu-tools-for-stm32.13.3.rel1.win32_1.0.0.202411081344/tools/bin/../lib/gcc/arm-none-eabi/13.3.1/thumb/v7-m/nofp\libgcc.a
LOAD D:/ST/STM32CubeIDE_1.18.0/STM32CubeIDE/plugins/com.st.stm32cube.ide.mcu.externaltools.gnu-tools-for-stm32.13.3.rel1.win32_1.0.0.202411081344/tools/bin/../lib/gcc/arm-none-eabi/13.3.1/../../../../arm-none-eabi/lib/thumb/v7-m/nofp\libc_nano.a
END GROUP
START GROUP
LOAD D:/ST/STM32CubeIDE_1.18.0/STM32CubeIDE/plugins/com.st.stm32cube.ide.mcu.externaltools.gnu-tools-for-stm32.13.3.rel1.win32_1.0.0.202411081344/tools/bin/../lib/gcc/arm-none-eabi/13.3.1/thumb/v7-m/nofp\libgcc.a
LOAD D:/ST/STM32CubeIDE_1.18.0/STM32CubeIDE/plugins/com.st.stm32cube.ide.mcu.externaltools.gnu-tools-for-stm32.13.3.rel1.win32_1.0.0.202411081344/tools/bin/../lib/gcc/arm-none-eabi/13.3.1/../../../../arm-none-eabi/lib/thumb/v7-m/nofp\libc_nano.a
LOAD D:/ST/STM32CubeIDE_1.18.0/STM32CubeIDE/plugins/com.st.stm32cube.ide.mcu.externaltools.gnu-tools-for-stm32.13.3.rel1.win32_1.0.0.202411081344/tools/bin/../lib/gcc/arm-none-eabi/13.3.1/../../../../arm-none-eabi/lib/thumb/v7-m/nofp\libnosys.a
END GROUP
START GROUP
LOAD D:/ST/STM32CubeIDE_1.18.0/STM32CubeIDE/plugins/com.st.stm32cube.ide.mcu.externaltools.gnu-tools-for-stm32.13.3.rel1.win32_1.0.0.202411081344/tools/bin/../lib/gcc/arm-none-eabi/13.3.1/thumb/v7-m/nofp\libgcc.a
LOAD D:/ST/STM32CubeIDE_1.18.0/STM32CubeIDE/plugins/com.st.stm32cube.ide.mcu.externaltools.gnu-tools-for-stm32.13.3.rel1.win32_1.0.0.202411081344/tools/bin/../lib/gcc/arm-none-eabi/13.3.1/../../../../arm-none-eabi/lib/thumb/v7-m/nofp\libc_nano.a
LOAD D:/ST/STM32CubeIDE_1.18.0/STM32CubeIDE/plugins/com.st.stm32cube.ide.mcu.externaltools.gnu-tools-for-stm32.13.3.rel1.win32_1.0.0.202411081344/tools/bin/../lib/gcc/arm-none-eabi/13.3.1/../../../../arm-none-eabi/lib/thumb/v7-m/nofp\libnosys.a
END GROUP
LOAD D:/ST/STM32CubeIDE_1.18.0/STM32CubeIDE/plugins/com.st.stm32cube.ide.mcu.externaltools.gnu-tools-for-stm32.13.3.rel1.win32_1.0.0.202411081344/tools/bin/../lib/gcc/arm-none-eabi/13.3.1/thumb/v7-m/nofp/crtend.o
LOAD D:/ST/STM32CubeIDE_1.18.0/STM32CubeIDE/plugins/com.st.stm32cube.ide.mcu.externaltools.gnu-tools-for-stm32.13.3.rel1.win32_1.0.0.202411081344/tools/bin/../lib/gcc/arm-none-eabi/13.3.1/thumb/v7-m/nofp/crtn.o
                0x20005000                        _estack = (ORIGIN (RAM) + LENGTH (RAM))
                0x00000200                        _Min_Heap_Size = 0x200
                0x00000400                        _Min_Stack_Size = 0x400

.isr_vector     0x08000000      0x10c
                0x08000000                        . = ALIGN (0x4)
 *(.isr_vector)
 .isr_vector    0x08000000      0x10c ./Core/Startup/startup_stm32f103c8tx.o
                0x08000000                g_pfnVectors
                0x0800010c                        . = ALIGN (0x4)

.text           0x08000110     0x56fc
                0x08000110                        . = ALIGN (0x4)
 *(.text)
 .text          0x08000110       0x40 D:/ST/STM32CubeIDE_1.18.0/STM32CubeIDE/plugins/com.st.stm32cube.ide.mcu.externaltools.gnu-tools-for-stm32.13.3.rel1.win32_1.0.0.202411081344/tools/bin/../lib/gcc/arm-none-eabi/13.3.1/thumb/v7-m/nofp/crtbegin.o
 .text          0x08000150       0x10 D:/ST/STM32CubeIDE_1.18.0/STM32CubeIDE/plugins/com.st.stm32cube.ide.mcu.externaltools.gnu-tools-for-stm32.13.3.rel1.win32_1.0.0.202411081344/tools/bin/../lib/gcc/arm-none-eabi/13.3.1/../../../../arm-none-eabi/lib/thumb/v7-m/nofp\libc_nano.a(libc_a-strlen.o)
                0x08000150                strlen
 .text          0x08000160      0x378 D:/ST/STM32CubeIDE_1.18.0/STM32CubeIDE/plugins/com.st.stm32cube.ide.mcu.externaltools.gnu-tools-for-stm32.13.3.rel1.win32_1.0.0.202411081344/tools/bin/../lib/gcc/arm-none-eabi/13.3.1/thumb/v7-m/nofp\libgcc.a(_arm_addsubdf3.o)
                0x08000160                __aeabi_drsub
                0x08000168                __aeabi_dsub
                0x08000168                __subdf3
                0x0800016c                __aeabi_dadd
                0x0800016c                __adddf3
                0x080003e4                __floatunsidf
                0x080003e4                __aeabi_ui2d
                0x08000404                __floatsidf
                0x08000404                __aeabi_i2d
                0x08000428                __aeabi_f2d
                0x08000428                __extendsfdf2
                0x0800046c                __floatundidf
                0x0800046c                __aeabi_ul2d
                0x0800047c                __floatdidf
                0x0800047c                __aeabi_l2d
 .text          0x080004d8      0x424 D:/ST/STM32CubeIDE_1.18.0/STM32CubeIDE/plugins/com.st.stm32cube.ide.mcu.externaltools.gnu-tools-for-stm32.13.3.rel1.win32_1.0.0.202411081344/tools/bin/../lib/gcc/arm-none-eabi/13.3.1/thumb/v7-m/nofp\libgcc.a(_arm_muldivdf3.o)
                0x080004d8                __aeabi_dmul
                0x080004d8                __muldf3
                0x0800072c                __divdf3
                0x0800072c                __aeabi_ddiv
 .text          0x080008fc       0x50 D:/ST/STM32CubeIDE_1.18.0/STM32CubeIDE/plugins/com.st.stm32cube.ide.mcu.externaltools.gnu-tools-for-stm32.13.3.rel1.win32_1.0.0.202411081344/tools/bin/../lib/gcc/arm-none-eabi/13.3.1/thumb/v7-m/nofp\libgcc.a(_arm_fixdfsi.o)
                0x080008fc                __aeabi_d2iz
                0x080008fc                __fixdfsi
 .text          0x0800094c      0x21c D:/ST/STM32CubeIDE_1.18.0/STM32CubeIDE/plugins/com.st.stm32cube.ide.mcu.externaltools.gnu-tools-for-stm32.13.3.rel1.win32_1.0.0.202411081344/tools/bin/../lib/gcc/arm-none-eabi/13.3.1/thumb/v7-m/nofp\libgcc.a(_arm_addsubsf3.o)
                0x0800094c                __aeabi_frsub
                0x08000954                __subsf3
                0x08000954                __aeabi_fsub
                0x08000958                __aeabi_fadd
                0x08000958                __addsf3
                0x08000ab8                __aeabi_ui2f
                0x08000ab8                __floatunsisf
                0x08000ac0                __aeabi_i2f
                0x08000ac0                __floatsisf
                0x08000adc                __aeabi_ul2f
                0x08000adc                __floatundisf
                0x08000aec                __aeabi_l2f
                0x08000aec                __floatdisf
 *(.text*)
 .text.atk_mw1278d_hw_init
                0x08000b68       0xd0 ./Core/Src/atk_mw1278d.o
 .text.atk_mw1278d_init
                0x08000c38       0x36 ./Core/Src/atk_mw1278d.o
                0x08000c38                atk_mw1278d_init
 *fill*         0x08000c6e        0x2 
 .text.atk_mw1278d_enter_config
                0x08000c70       0x18 ./Core/Src/atk_mw1278d.o
                0x08000c70                atk_mw1278d_enter_config
 .text.atk_mw1278d_exit_config
                0x08000c88       0x18 ./Core/Src/atk_mw1278d.o
                0x08000c88                atk_mw1278d_exit_config
 .text.atk_mw1278d_send_at_cmd
                0x08000ca0       0x70 ./Core/Src/atk_mw1278d.o
                0x08000ca0                atk_mw1278d_send_at_cmd
 .text.atk_mw1278d_at_test
                0x08000d10       0x44 ./Core/Src/atk_mw1278d.o
                0x08000d10                atk_mw1278d_at_test
 .text.atk_mw1278d_addr_config
                0x08000d54       0x60 ./Core/Src/atk_mw1278d.o
                0x08000d54                atk_mw1278d_addr_config
 .text.atk_mw1278d_tpower_config
                0x08000db4       0x60 ./Core/Src/atk_mw1278d.o
                0x08000db4                atk_mw1278d_tpower_config
 .text.atk_mw1278d_workmode_config
                0x08000e14       0x60 ./Core/Src/atk_mw1278d.o
                0x08000e14                atk_mw1278d_workmode_config
 .text.atk_mw1278d_tmode_config
                0x08000e74       0x64 ./Core/Src/atk_mw1278d.o
                0x08000e74                atk_mw1278d_tmode_config
 .text.atk_mw1278d_wlrate_channel_config
                0x08000ed8       0x78 ./Core/Src/atk_mw1278d.o
                0x08000ed8                atk_mw1278d_wlrate_channel_config
 .text.atk_mw1278d_wltime_config
                0x08000f50       0x60 ./Core/Src/atk_mw1278d.o
                0x08000f50                atk_mw1278d_wltime_config
 .text.atk_mw1278d_uart_config
                0x08000fb0       0x74 ./Core/Src/atk_mw1278d.o
                0x08000fb0                atk_mw1278d_uart_config
 .text.atk_mw1278d_uart_printf
                0x08001024       0x48 ./Core/Src/atk_mw1278d_uart.o
                0x08001024                atk_mw1278d_uart_printf
 .text.atk_mw1278d_uart_rx_restart
                0x0800106c       0x2c ./Core/Src/atk_mw1278d_uart.o
                0x0800106c                atk_mw1278d_uart_rx_restart
 .text.atk_mw1278d_uart_rx_get_frame
                0x08001098       0x3c ./Core/Src/atk_mw1278d_uart.o
                0x08001098                atk_mw1278d_uart_rx_get_frame
 .text.atk_mw1278d_uart_init
                0x080010d4       0x70 ./Core/Src/atk_mw1278d_uart.o
                0x080010d4                atk_mw1278d_uart_init
 .text.TIM4_IRQHandler
                0x08001144       0x6c ./Core/Src/atk_mw1278d_uart.o
                0x08001144                TIM4_IRQHandler
 .text.USART3_IRQHandler
                0x080011b0      0x11c ./Core/Src/atk_mw1278d_uart.o
                0x080011b0                USART3_IRQHandler
 .text.init_bms_globals
                0x080012cc       0xec ./Core/Src/bms_globals.o
                0x080012cc                init_bms_globals
 .text.string2numbers
                0x080013b8       0xcc ./Core/Src/bms_globals.o
                0x080013b8                string2numbers
 .text.update_bms_stats
                0x08001484      0x248 ./Core/Src/bms_globals.o
                0x08001484                update_bms_stats
 .text.MX_CAN_Init
                0x080016cc       0x6c ./Core/Src/can.o
                0x080016cc                MX_CAN_Init
 .text.HAL_CAN_MspInit
                0x08001738       0xb8 ./Core/Src/can.o
                0x08001738                HAL_CAN_MspInit
 .text.CAN_Filter_Config
                0x080017f0       0x38 ./Core/Src/can.o
                0x080017f0                CAN_Filter_Config
 .text.HAL_CAN_RxFifo0MsgPendingCallback
                0x08001828      0x4ac ./Core/Src/can.o
                0x08001828                HAL_CAN_RxFifo0MsgPendingCallback
 .text.delay_init
                0x08001cd4       0x30 ./Core/Src/delay.o
                0x08001cd4                delay_init
 .text.delay_us
                0x08001d04       0x68 ./Core/Src/delay.o
                0x08001d04                delay_us
 .text.delay_ms
                0x08001d6c       0x6c ./Core/Src/delay.o
                0x08001d6c                delay_ms
 .text.HAL_Delay
                0x08001dd8       0x1a ./Core/Src/delay.o
                0x08001dd8                HAL_Delay
 .text.demo_run
                0x08001df2       0x94 ./Core/Src/demo.o
                0x08001df2                demo_run
 *fill*         0x08001e86        0x2 
 .text.MX_GPIO_Init
                0x08001e88      0x100 ./Core/Src/gpio.o
                0x08001e88                MX_GPIO_Init
 .text.main     0x08001f88      0x2bc ./Core/Src/main.o
                0x08001f88                main
 .text.SystemClock_Config
                0x08002244       0x8a ./Core/Src/main.o
                0x08002244                SystemClock_Config
 .text.Error_Handler
                0x080022ce        0xc ./Core/Src/main.o
                0x080022ce                Error_Handler
 *fill*         0x080022da        0x2 
 .text.HAL_MspInit
                0x080022dc       0x64 ./Core/Src/stm32f1xx_hal_msp.o
                0x080022dc                HAL_MspInit
 .text.NMI_Handler
                0x08002340        0x8 ./Core/Src/stm32f1xx_it.o
                0x08002340                NMI_Handler
 .text.HardFault_Handler
                0x08002348        0x8 ./Core/Src/stm32f1xx_it.o
                0x08002348                HardFault_Handler
 .text.MemManage_Handler
                0x08002350        0x8 ./Core/Src/stm32f1xx_it.o
                0x08002350                MemManage_Handler
 .text.BusFault_Handler
                0x08002358        0x8 ./Core/Src/stm32f1xx_it.o
                0x08002358                BusFault_Handler
 .text.UsageFault_Handler
                0x08002360        0x8 ./Core/Src/stm32f1xx_it.o
                0x08002360                UsageFault_Handler
 .text.SVC_Handler
                0x08002368        0xc ./Core/Src/stm32f1xx_it.o
                0x08002368                SVC_Handler
 .text.DebugMon_Handler
                0x08002374        0xc ./Core/Src/stm32f1xx_it.o
                0x08002374                DebugMon_Handler
 .text.PendSV_Handler
                0x08002380        0xc ./Core/Src/stm32f1xx_it.o
                0x08002380                PendSV_Handler
 .text.SysTick_Handler
                0x0800238c        0xc ./Core/Src/stm32f1xx_it.o
                0x0800238c                SysTick_Handler
 .text.USB_LP_CAN1_RX0_IRQHandler
                0x08002398       0x14 ./Core/Src/stm32f1xx_it.o
                0x08002398                USB_LP_CAN1_RX0_IRQHandler
 .text.CAN1_RX1_IRQHandler
                0x080023ac       0x14 ./Core/Src/stm32f1xx_it.o
                0x080023ac                CAN1_RX1_IRQHandler
 .text._sbrk    0x080023c0       0x6c ./Core/Src/sysmem.o
                0x080023c0                _sbrk
 .text.SystemInit
                0x0800242c        0xc ./Core/Src/system_stm32f1xx.o
                0x0800242c                SystemInit
 .text.MX_TIM4_Init
                0x08002438       0x9c ./Core/Src/tim.o
                0x08002438                MX_TIM4_Init
 .text.HAL_TIM_Base_MspInit
                0x080024d4       0x4c ./Core/Src/tim.o
                0x080024d4                HAL_TIM_Base_MspInit
 .text.MX_USART2_UART_Init
                0x08002520       0x54 ./Core/Src/usart.o
                0x08002520                MX_USART2_UART_Init
 .text.MX_USART3_UART_Init
                0x08002574       0x54 ./Core/Src/usart.o
                0x08002574                MX_USART3_UART_Init
 .text.HAL_UART_MspInit
                0x080025c8      0x11c ./Core/Src/usart.o
                0x080025c8                HAL_UART_MspInit
 .text.HMI_set_Voltage
                0x080026e4       0x48 ./Core/Src/usart.o
                0x080026e4                HMI_set_Voltage
 .text.HMI_set_Temperature
                0x0800272c       0x48 ./Core/Src/usart.o
                0x0800272c                HMI_set_Temperature
 .text.HMI_set_V
                0x08002774       0xf8 ./Core/Src/usart.o
                0x08002774                HMI_set_V
 .text.HMI_set_I
                0x0800286c       0x70 ./Core/Src/usart.o
                0x0800286c                HMI_set_I
 .text.HMI_set_T
                0x080028dc       0x70 ./Core/Src/usart.o
                0x080028dc                HMI_set_T
 .text.HMI_set_State
                0x0800294c      0x16c ./Core/Src/usart.o
                0x0800294c                HMI_set_State
 .text.Reset_Handler
                0x08002ab8       0x48 ./Core/Startup/startup_stm32f103c8tx.o
                0x08002ab8                Reset_Handler
 .text.Default_Handler
                0x08002b00        0x2 ./Core/Startup/startup_stm32f103c8tx.o
                0x08002b00                RTC_Alarm_IRQHandler
                0x08002b00                EXTI2_IRQHandler
                0x08002b00                TIM1_CC_IRQHandler
                0x08002b00                PVD_IRQHandler
                0x08002b00                EXTI3_IRQHandler
                0x08002b00                EXTI0_IRQHandler
                0x08002b00                I2C2_EV_IRQHandler
                0x08002b00                ADC1_2_IRQHandler
                0x08002b00                SPI1_IRQHandler
                0x08002b00                TAMPER_IRQHandler
                0x08002b00                DMA1_Channel4_IRQHandler
                0x08002b00                RTC_IRQHandler
                0x08002b00                DMA1_Channel7_IRQHandler
                0x08002b00                I2C1_EV_IRQHandler
                0x08002b00                DMA1_Channel6_IRQHandler
                0x08002b00                TIM3_IRQHandler
                0x08002b00                RCC_IRQHandler
                0x08002b00                TIM1_TRG_COM_IRQHandler
                0x08002b00                DMA1_Channel1_IRQHandler
                0x08002b00                Default_Handler
                0x08002b00                EXTI15_10_IRQHandler
                0x08002b00                EXTI9_5_IRQHandler
                0x08002b00                SPI2_IRQHandler
                0x08002b00                DMA1_Channel5_IRQHandler
                0x08002b00                EXTI4_IRQHandler
                0x08002b00                USB_HP_CAN1_TX_IRQHandler
                0x08002b00                DMA1_Channel3_IRQHandler
                0x08002b00                TIM1_UP_IRQHandler
                0x08002b00                WWDG_IRQHandler
                0x08002b00                TIM2_IRQHandler
                0x08002b00                TIM1_BRK_IRQHandler
                0x08002b00                EXTI1_IRQHandler
                0x08002b00                USART2_IRQHandler
                0x08002b00                I2C2_ER_IRQHandler
                0x08002b00                DMA1_Channel2_IRQHandler
                0x08002b00                CAN1_SCE_IRQHandler
                0x08002b00                FLASH_IRQHandler
                0x08002b00                USART1_IRQHandler
                0x08002b00                I2C1_ER_IRQHandler
                0x08002b00                USBWakeUp_IRQHandler
 *fill*         0x08002b02        0x2 
 .text.HAL_Init
                0x08002b04       0x2c ./Drivers/STM32F1xx_HAL_Driver/Src/stm32f1xx_hal.o
                0x08002b04                HAL_Init
 .text.HAL_InitTick
                0x08002b30       0x60 ./Drivers/STM32F1xx_HAL_Driver/Src/stm32f1xx_hal.o
                0x08002b30                HAL_InitTick
 .text.HAL_IncTick
                0x08002b90       0x24 ./Drivers/STM32F1xx_HAL_Driver/Src/stm32f1xx_hal.o
                0x08002b90                HAL_IncTick
 .text.HAL_GetTick
                0x08002bb4       0x14 ./Drivers/STM32F1xx_HAL_Driver/Src/stm32f1xx_hal.o
                0x08002bb4                HAL_GetTick
 .text.HAL_CAN_Init
                0x08002bc8      0x1f6 ./Drivers/STM32F1xx_HAL_Driver/Src/stm32f1xx_hal_can.o
                0x08002bc8                HAL_CAN_Init
 .text.HAL_CAN_ConfigFilter
                0x08002dbe      0x192 ./Drivers/STM32F1xx_HAL_Driver/Src/stm32f1xx_hal_can.o
                0x08002dbe                HAL_CAN_ConfigFilter
 .text.HAL_CAN_Start
                0x08002f50       0x88 ./Drivers/STM32F1xx_HAL_Driver/Src/stm32f1xx_hal_can.o
                0x08002f50                HAL_CAN_Start
 .text.HAL_CAN_GetRxMessage
                0x08002fd8      0x242 ./Drivers/STM32F1xx_HAL_Driver/Src/stm32f1xx_hal_can.o
                0x08002fd8                HAL_CAN_GetRxMessage
 .text.HAL_CAN_ActivateNotification
                0x0800321a       0x4a ./Drivers/STM32F1xx_HAL_Driver/Src/stm32f1xx_hal_can.o
                0x0800321a                HAL_CAN_ActivateNotification
 .text.HAL_CAN_IRQHandler
                0x08003264      0x36e ./Drivers/STM32F1xx_HAL_Driver/Src/stm32f1xx_hal_can.o
                0x08003264                HAL_CAN_IRQHandler
 .text.HAL_CAN_TxMailbox0CompleteCallback
                0x080035d2       0x12 ./Drivers/STM32F1xx_HAL_Driver/Src/stm32f1xx_hal_can.o
                0x080035d2                HAL_CAN_TxMailbox0CompleteCallback
 .text.HAL_CAN_TxMailbox1CompleteCallback
                0x080035e4       0x12 ./Drivers/STM32F1xx_HAL_Driver/Src/stm32f1xx_hal_can.o
                0x080035e4                HAL_CAN_TxMailbox1CompleteCallback
 .text.HAL_CAN_TxMailbox2CompleteCallback
                0x080035f6       0x12 ./Drivers/STM32F1xx_HAL_Driver/Src/stm32f1xx_hal_can.o
                0x080035f6                HAL_CAN_TxMailbox2CompleteCallback
 .text.HAL_CAN_TxMailbox0AbortCallback
                0x08003608       0x12 ./Drivers/STM32F1xx_HAL_Driver/Src/stm32f1xx_hal_can.o
                0x08003608                HAL_CAN_TxMailbox0AbortCallback
 .text.HAL_CAN_TxMailbox1AbortCallback
                0x0800361a       0x12 ./Drivers/STM32F1xx_HAL_Driver/Src/stm32f1xx_hal_can.o
                0x0800361a                HAL_CAN_TxMailbox1AbortCallback
 .text.HAL_CAN_TxMailbox2AbortCallback
                0x0800362c       0x12 ./Drivers/STM32F1xx_HAL_Driver/Src/stm32f1xx_hal_can.o
                0x0800362c                HAL_CAN_TxMailbox2AbortCallback
 .text.HAL_CAN_RxFifo0FullCallback
                0x0800363e       0x12 ./Drivers/STM32F1xx_HAL_Driver/Src/stm32f1xx_hal_can.o
                0x0800363e                HAL_CAN_RxFifo0FullCallback
 .text.HAL_CAN_RxFifo1MsgPendingCallback
                0x08003650       0x12 ./Drivers/STM32F1xx_HAL_Driver/Src/stm32f1xx_hal_can.o
                0x08003650                HAL_CAN_RxFifo1MsgPendingCallback
 .text.HAL_CAN_RxFifo1FullCallback
                0x08003662       0x12 ./Drivers/STM32F1xx_HAL_Driver/Src/stm32f1xx_hal_can.o
                0x08003662                HAL_CAN_RxFifo1FullCallback
 .text.HAL_CAN_SleepCallback
                0x08003674       0x12 ./Drivers/STM32F1xx_HAL_Driver/Src/stm32f1xx_hal_can.o
                0x08003674                HAL_CAN_SleepCallback
 .text.HAL_CAN_WakeUpFromRxMsgCallback
                0x08003686       0x12 ./Drivers/STM32F1xx_HAL_Driver/Src/stm32f1xx_hal_can.o
                0x08003686                HAL_CAN_WakeUpFromRxMsgCallback
 .text.HAL_CAN_ErrorCallback
                0x08003698       0x12 ./Drivers/STM32F1xx_HAL_Driver/Src/stm32f1xx_hal_can.o
                0x08003698                HAL_CAN_ErrorCallback
 *fill*         0x080036aa        0x2 
 .text.__NVIC_SetPriorityGrouping
                0x080036ac       0x48 ./Drivers/STM32F1xx_HAL_Driver/Src/stm32f1xx_hal_cortex.o
 .text.__NVIC_GetPriorityGrouping
                0x080036f4       0x1c ./Drivers/STM32F1xx_HAL_Driver/Src/stm32f1xx_hal_cortex.o
 .text.__NVIC_EnableIRQ
                0x08003710       0x38 ./Drivers/STM32F1xx_HAL_Driver/Src/stm32f1xx_hal_cortex.o
 .text.__NVIC_SetPriority
                0x08003748       0x54 ./Drivers/STM32F1xx_HAL_Driver/Src/stm32f1xx_hal_cortex.o
 .text.NVIC_EncodePriority
                0x0800379c       0x64 ./Drivers/STM32F1xx_HAL_Driver/Src/stm32f1xx_hal_cortex.o
 .text.SysTick_Config
                0x08003800       0x44 ./Drivers/STM32F1xx_HAL_Driver/Src/stm32f1xx_hal_cortex.o
 .text.HAL_NVIC_SetPriorityGrouping
                0x08003844       0x16 ./Drivers/STM32F1xx_HAL_Driver/Src/stm32f1xx_hal_cortex.o
                0x08003844                HAL_NVIC_SetPriorityGrouping
 .text.HAL_NVIC_SetPriority
                0x0800385a       0x38 ./Drivers/STM32F1xx_HAL_Driver/Src/stm32f1xx_hal_cortex.o
                0x0800385a                HAL_NVIC_SetPriority
 .text.HAL_NVIC_EnableIRQ
                0x08003892       0x1c ./Drivers/STM32F1xx_HAL_Driver/Src/stm32f1xx_hal_cortex.o
                0x08003892                HAL_NVIC_EnableIRQ
 .text.HAL_SYSTICK_Config
                0x080038ae       0x18 ./Drivers/STM32F1xx_HAL_Driver/Src/stm32f1xx_hal_cortex.o
                0x080038ae                HAL_SYSTICK_Config
 *fill*         0x080038c6        0x2 
 .text.HAL_SYSTICK_CLKSourceConfig
                0x080038c8       0x38 ./Drivers/STM32F1xx_HAL_Driver/Src/stm32f1xx_hal_cortex.o
                0x080038c8                HAL_SYSTICK_CLKSourceConfig
 .text.HAL_GPIO_Init
                0x08003900      0x308 ./Drivers/STM32F1xx_HAL_Driver/Src/stm32f1xx_hal_gpio.o
                0x08003900                HAL_GPIO_Init
 .text.HAL_GPIO_WritePin
                0x08003c08       0x30 ./Drivers/STM32F1xx_HAL_Driver/Src/stm32f1xx_hal_gpio.o
                0x08003c08                HAL_GPIO_WritePin
 .text.HAL_GPIO_TogglePin
                0x08003c38       0x32 ./Drivers/STM32F1xx_HAL_Driver/Src/stm32f1xx_hal_gpio.o
                0x08003c38                HAL_GPIO_TogglePin
 *fill*         0x08003c6a        0x2 
 .text.HAL_RCC_OscConfig
                0x08003c6c      0x504 ./Drivers/STM32F1xx_HAL_Driver/Src/stm32f1xx_hal_rcc.o
                0x08003c6c                HAL_RCC_OscConfig
 .text.HAL_RCC_ClockConfig
                0x08004170      0x1d4 ./Drivers/STM32F1xx_HAL_Driver/Src/stm32f1xx_hal_rcc.o
                0x08004170                HAL_RCC_ClockConfig
 .text.HAL_RCC_GetSysClockFreq
                0x08004344       0xa8 ./Drivers/STM32F1xx_HAL_Driver/Src/stm32f1xx_hal_rcc.o
                0x08004344                HAL_RCC_GetSysClockFreq
 .text.HAL_RCC_GetHCLKFreq
                0x080043ec       0x14 ./Drivers/STM32F1xx_HAL_Driver/Src/stm32f1xx_hal_rcc.o
                0x080043ec                HAL_RCC_GetHCLKFreq
 .text.HAL_RCC_GetPCLK1Freq
                0x08004400       0x28 ./Drivers/STM32F1xx_HAL_Driver/Src/stm32f1xx_hal_rcc.o
                0x08004400                HAL_RCC_GetPCLK1Freq
 .text.HAL_RCC_GetPCLK2Freq
                0x08004428       0x28 ./Drivers/STM32F1xx_HAL_Driver/Src/stm32f1xx_hal_rcc.o
                0x08004428                HAL_RCC_GetPCLK2Freq
 .text.RCC_Delay
                0x08004450       0x3c ./Drivers/STM32F1xx_HAL_Driver/Src/stm32f1xx_hal_rcc.o
 .text.HAL_TIM_Base_Init
                0x0800448c       0x9e ./Drivers/STM32F1xx_HAL_Driver/Src/stm32f1xx_hal_tim.o
                0x0800448c                HAL_TIM_Base_Init
 .text.HAL_TIM_ConfigClockSource
                0x0800452a      0x18e ./Drivers/STM32F1xx_HAL_Driver/Src/stm32f1xx_hal_tim.o
                0x0800452a                HAL_TIM_ConfigClockSource
 .text.TIM_Base_SetConfig
                0x080046b8       0xc4 ./Drivers/STM32F1xx_HAL_Driver/Src/stm32f1xx_hal_tim.o
                0x080046b8                TIM_Base_SetConfig
 .text.TIM_TI1_ConfigInputStage
                0x0800477c       0x5c ./Drivers/STM32F1xx_HAL_Driver/Src/stm32f1xx_hal_tim.o
 .text.TIM_TI2_ConfigInputStage
                0x080047d8       0x5e ./Drivers/STM32F1xx_HAL_Driver/Src/stm32f1xx_hal_tim.o
 .text.TIM_ITRx_SetConfig
                0x08004836       0x34 ./Drivers/STM32F1xx_HAL_Driver/Src/stm32f1xx_hal_tim.o
 .text.TIM_ETR_SetConfig
                0x0800486a       0x3e ./Drivers/STM32F1xx_HAL_Driver/Src/stm32f1xx_hal_tim.o
                0x0800486a                TIM_ETR_SetConfig
 .text.HAL_TIMEx_MasterConfigSynchronization
                0x080048a8       0xbc ./Drivers/STM32F1xx_HAL_Driver/Src/stm32f1xx_hal_tim_ex.o
                0x080048a8                HAL_TIMEx_MasterConfigSynchronization
 .text.HAL_UART_Init
                0x08004964       0xa0 ./Drivers/STM32F1xx_HAL_Driver/Src/stm32f1xx_hal_uart.o
                0x08004964                HAL_UART_Init
 .text.HAL_UART_Transmit
                0x08004a04      0x106 ./Drivers/STM32F1xx_HAL_Driver/Src/stm32f1xx_hal_uart.o
                0x08004a04                HAL_UART_Transmit
 .text.HAL_UART_Receive
                0x08004b0a      0x124 ./Drivers/STM32F1xx_HAL_Driver/Src/stm32f1xx_hal_uart.o
                0x08004b0a                HAL_UART_Receive
 .text.UART_WaitOnFlagUntilTimeout
                0x08004c2e       0xdc ./Drivers/STM32F1xx_HAL_Driver/Src/stm32f1xx_hal_uart.o
 *fill*         0x08004d0a        0x2 
 .text.UART_SetConfig
                0x08004d0c      0x11c ./Drivers/STM32F1xx_HAL_Driver/Src/stm32f1xx_hal_uart.o
 .text.sprintf  0x08004e28       0x44 D:/ST/STM32CubeIDE_1.18.0/STM32CubeIDE/plugins/com.st.stm32cube.ide.mcu.externaltools.gnu-tools-for-stm32.13.3.rel1.win32_1.0.0.202411081344/tools/bin/../lib/gcc/arm-none-eabi/13.3.1/../../../../arm-none-eabi/lib/thumb/v7-m/nofp\libc_nano.a(libc_a-sprintf.o)
                0x08004e28                siprintf
                0x08004e28                sprintf
 .text._vsprintf_r
                0x08004e6c       0x2c D:/ST/STM32CubeIDE_1.18.0/STM32CubeIDE/plugins/com.st.stm32cube.ide.mcu.externaltools.gnu-tools-for-stm32.13.3.rel1.win32_1.0.0.202411081344/tools/bin/../lib/gcc/arm-none-eabi/13.3.1/../../../../arm-none-eabi/lib/thumb/v7-m/nofp\libc_nano.a(libc_a-vsprintf.o)
                0x08004e6c                _vsprintf_r
                0x08004e6c                _vsiprintf_r
 .text.vsprintf
                0x08004e98       0x14 D:/ST/STM32CubeIDE_1.18.0/STM32CubeIDE/plugins/com.st.stm32cube.ide.mcu.externaltools.gnu-tools-for-stm32.13.3.rel1.win32_1.0.0.202411081344/tools/bin/../lib/gcc/arm-none-eabi/13.3.1/../../../../arm-none-eabi/lib/thumb/v7-m/nofp\libc_nano.a(libc_a-vsprintf.o)
                0x08004e98                vsiprintf
                0x08004e98                vsprintf
 .text.memset   0x08004eac       0x10 D:/ST/STM32CubeIDE_1.18.0/STM32CubeIDE/plugins/com.st.stm32cube.ide.mcu.externaltools.gnu-tools-for-stm32.13.3.rel1.win32_1.0.0.202411081344/tools/bin/../lib/gcc/arm-none-eabi/13.3.1/../../../../arm-none-eabi/lib/thumb/v7-m/nofp\libc_nano.a(libc_a-memset.o)
                0x08004eac                memset
 .text.strstr   0x08004ebc       0x2c D:/ST/STM32CubeIDE_1.18.0/STM32CubeIDE/plugins/com.st.stm32cube.ide.mcu.externaltools.gnu-tools-for-stm32.13.3.rel1.win32_1.0.0.202411081344/tools/bin/../lib/gcc/arm-none-eabi/13.3.1/../../../../arm-none-eabi/lib/thumb/v7-m/nofp\libc_nano.a(libc_a-strstr.o)
                0x08004ebc                strstr
 .text.__errno  0x08004ee8        0xc D:/ST/STM32CubeIDE_1.18.0/STM32CubeIDE/plugins/com.st.stm32cube.ide.mcu.externaltools.gnu-tools-for-stm32.13.3.rel1.win32_1.0.0.202411081344/tools/bin/../lib/gcc/arm-none-eabi/13.3.1/../../../../arm-none-eabi/lib/thumb/v7-m/nofp\libc_nano.a(libc_a-errno.o)
                0x08004ee8                __errno
 .text.__libc_init_array
                0x08004ef4       0x48 D:/ST/STM32CubeIDE_1.18.0/STM32CubeIDE/plugins/com.st.stm32cube.ide.mcu.externaltools.gnu-tools-for-stm32.13.3.rel1.win32_1.0.0.202411081344/tools/bin/../lib/gcc/arm-none-eabi/13.3.1/../../../../arm-none-eabi/lib/thumb/v7-m/nofp\libc_nano.a(libc_a-init.o)
                0x08004ef4                __libc_init_array
 .text.__retarget_lock_acquire_recursive
                0x08004f3c        0x2 D:/ST/STM32CubeIDE_1.18.0/STM32CubeIDE/plugins/com.st.stm32cube.ide.mcu.externaltools.gnu-tools-for-stm32.13.3.rel1.win32_1.0.0.202411081344/tools/bin/../lib/gcc/arm-none-eabi/13.3.1/../../../../arm-none-eabi/lib/thumb/v7-m/nofp\libc_nano.a(libc_a-lock.o)
                0x08004f3c                __retarget_lock_acquire_recursive
 .text.__retarget_lock_release_recursive
                0x08004f3e        0x2 D:/ST/STM32CubeIDE_1.18.0/STM32CubeIDE/plugins/com.st.stm32cube.ide.mcu.externaltools.gnu-tools-for-stm32.13.3.rel1.win32_1.0.0.202411081344/tools/bin/../lib/gcc/arm-none-eabi/13.3.1/../../../../arm-none-eabi/lib/thumb/v7-m/nofp\libc_nano.a(libc_a-lock.o)
                0x08004f3e                __retarget_lock_release_recursive
 .text._free_r  0x08004f40       0x90 D:/ST/STM32CubeIDE_1.18.0/STM32CubeIDE/plugins/com.st.stm32cube.ide.mcu.externaltools.gnu-tools-for-stm32.13.3.rel1.win32_1.0.0.202411081344/tools/bin/../lib/gcc/arm-none-eabi/13.3.1/../../../../arm-none-eabi/lib/thumb/v7-m/nofp\libc_nano.a(libc_a-freer.o)
                0x08004f40                _free_r
 .text.sbrk_aligned
                0x08004fd0       0x44 D:/ST/STM32CubeIDE_1.18.0/STM32CubeIDE/plugins/com.st.stm32cube.ide.mcu.externaltools.gnu-tools-for-stm32.13.3.rel1.win32_1.0.0.202411081344/tools/bin/../lib/gcc/arm-none-eabi/13.3.1/../../../../arm-none-eabi/lib/thumb/v7-m/nofp\libc_nano.a(libc_a-mallocr.o)
 .text._malloc_r
                0x08005014      0x100 D:/ST/STM32CubeIDE_1.18.0/STM32CubeIDE/plugins/com.st.stm32cube.ide.mcu.externaltools.gnu-tools-for-stm32.13.3.rel1.win32_1.0.0.202411081344/tools/bin/../lib/gcc/arm-none-eabi/13.3.1/../../../../arm-none-eabi/lib/thumb/v7-m/nofp\libc_nano.a(libc_a-mallocr.o)
                0x08005014                _malloc_r
 .text.__malloc_lock
                0x08005114        0xc D:/ST/STM32CubeIDE_1.18.0/STM32CubeIDE/plugins/com.st.stm32cube.ide.mcu.externaltools.gnu-tools-for-stm32.13.3.rel1.win32_1.0.0.202411081344/tools/bin/../lib/gcc/arm-none-eabi/13.3.1/../../../../arm-none-eabi/lib/thumb/v7-m/nofp\libc_nano.a(libc_a-mlock.o)
                0x08005114                __malloc_lock
 .text.__malloc_unlock
                0x08005120        0xc D:/ST/STM32CubeIDE_1.18.0/STM32CubeIDE/plugins/com.st.stm32cube.ide.mcu.externaltools.gnu-tools-for-stm32.13.3.rel1.win32_1.0.0.202411081344/tools/bin/../lib/gcc/arm-none-eabi/13.3.1/../../../../arm-none-eabi/lib/thumb/v7-m/nofp\libc_nano.a(libc_a-mlock.o)
                0x08005120                __malloc_unlock
 .text.__ssputs_r
                0x0800512c       0xb6 D:/ST/STM32CubeIDE_1.18.0/STM32CubeIDE/plugins/com.st.stm32cube.ide.mcu.externaltools.gnu-tools-for-stm32.13.3.rel1.win32_1.0.0.202411081344/tools/bin/../lib/gcc/arm-none-eabi/13.3.1/../../../../arm-none-eabi/lib/thumb/v7-m/nofp\libc_nano.a(libc_a-nano-svfprintf.o)
                0x0800512c                __ssputs_r
 *fill*         0x080051e2        0x2 
 .text._svfprintf_r
                0x080051e4      0x1f8 D:/ST/STM32CubeIDE_1.18.0/STM32CubeIDE/plugins/com.st.stm32cube.ide.mcu.externaltools.gnu-tools-for-stm32.13.3.rel1.win32_1.0.0.202411081344/tools/bin/../lib/gcc/arm-none-eabi/13.3.1/../../../../arm-none-eabi/lib/thumb/v7-m/nofp\libc_nano.a(libc_a-nano-svfprintf.o)
                0x080051e4                _svfiprintf_r
                0x080051e4                _svfprintf_r
 .text._printf_common
                0x080053dc       0xe4 D:/ST/STM32CubeIDE_1.18.0/STM32CubeIDE/plugins/com.st.stm32cube.ide.mcu.externaltools.gnu-tools-for-stm32.13.3.rel1.win32_1.0.0.202411081344/tools/bin/../lib/gcc/arm-none-eabi/13.3.1/../../../../arm-none-eabi/lib/thumb/v7-m/nofp\libc_nano.a(libc_a-nano-vfprintf_i.o)
                0x080053dc                _printf_common
 .text._printf_i
                0x080054c0      0x23c D:/ST/STM32CubeIDE_1.18.0/STM32CubeIDE/plugins/com.st.stm32cube.ide.mcu.externaltools.gnu-tools-for-stm32.13.3.rel1.win32_1.0.0.202411081344/tools/bin/../lib/gcc/arm-none-eabi/13.3.1/../../../../arm-none-eabi/lib/thumb/v7-m/nofp\libc_nano.a(libc_a-nano-vfprintf_i.o)
                0x080054c0                _printf_i
 .text.memmove  0x080056fc       0x34 D:/ST/STM32CubeIDE_1.18.0/STM32CubeIDE/plugins/com.st.stm32cube.ide.mcu.externaltools.gnu-tools-for-stm32.13.3.rel1.win32_1.0.0.202411081344/tools/bin/../lib/gcc/arm-none-eabi/13.3.1/../../../../arm-none-eabi/lib/thumb/v7-m/nofp\libc_nano.a(libc_a-memmove.o)
                0x080056fc                memmove
 .text._sbrk_r  0x08005730       0x20 D:/ST/STM32CubeIDE_1.18.0/STM32CubeIDE/plugins/com.st.stm32cube.ide.mcu.externaltools.gnu-tools-for-stm32.13.3.rel1.win32_1.0.0.202411081344/tools/bin/../lib/gcc/arm-none-eabi/13.3.1/../../../../arm-none-eabi/lib/thumb/v7-m/nofp\libc_nano.a(libc_a-sbrkr.o)
                0x08005730                _sbrk_r
 .text.memchr   0x08005750       0x1c D:/ST/STM32CubeIDE_1.18.0/STM32CubeIDE/plugins/com.st.stm32cube.ide.mcu.externaltools.gnu-tools-for-stm32.13.3.rel1.win32_1.0.0.202411081344/tools/bin/../lib/gcc/arm-none-eabi/13.3.1/../../../../arm-none-eabi/lib/thumb/v7-m/nofp\libc_nano.a(libc_a-memchr-stub.o)
                0x08005750                memchr
 .text.memcpy   0x0800576c       0x1c D:/ST/STM32CubeIDE_1.18.0/STM32CubeIDE/plugins/com.st.stm32cube.ide.mcu.externaltools.gnu-tools-for-stm32.13.3.rel1.win32_1.0.0.202411081344/tools/bin/../lib/gcc/arm-none-eabi/13.3.1/../../../../arm-none-eabi/lib/thumb/v7-m/nofp\libc_nano.a(libc_a-memcpy-stub.o)
                0x0800576c                memcpy
 .text._realloc_r
                0x08005788       0x5c D:/ST/STM32CubeIDE_1.18.0/STM32CubeIDE/plugins/com.st.stm32cube.ide.mcu.externaltools.gnu-tools-for-stm32.13.3.rel1.win32_1.0.0.202411081344/tools/bin/../lib/gcc/arm-none-eabi/13.3.1/../../../../arm-none-eabi/lib/thumb/v7-m/nofp\libc_nano.a(libc_a-reallocr.o)
                0x08005788                _realloc_r
 .text._malloc_usable_size_r
                0x080057e4       0x10 D:/ST/STM32CubeIDE_1.18.0/STM32CubeIDE/plugins/com.st.stm32cube.ide.mcu.externaltools.gnu-tools-for-stm32.13.3.rel1.win32_1.0.0.202411081344/tools/bin/../lib/gcc/arm-none-eabi/13.3.1/../../../../arm-none-eabi/lib/thumb/v7-m/nofp\libc_nano.a(libc_a-msizer.o)
                0x080057e4                _malloc_usable_size_r
 *(.glue_7)
 .glue_7        0x080057f4        0x0 linker stubs
 *(.glue_7t)
 .glue_7t       0x080057f4        0x0 linker stubs
 *(.eh_frame)
 .eh_frame      0x080057f4        0x0 D:/ST/STM32CubeIDE_1.18.0/STM32CubeIDE/plugins/com.st.stm32cube.ide.mcu.externaltools.gnu-tools-for-stm32.13.3.rel1.win32_1.0.0.202411081344/tools/bin/../lib/gcc/arm-none-eabi/13.3.1/thumb/v7-m/nofp/crtbegin.o
 *(.init)
 .init          0x080057f4        0x4 D:/ST/STM32CubeIDE_1.18.0/STM32CubeIDE/plugins/com.st.stm32cube.ide.mcu.externaltools.gnu-tools-for-stm32.13.3.rel1.win32_1.0.0.202411081344/tools/bin/../lib/gcc/arm-none-eabi/13.3.1/thumb/v7-m/nofp/crti.o
                0x080057f4                _init
 .init          0x080057f8        0x8 D:/ST/STM32CubeIDE_1.18.0/STM32CubeIDE/plugins/com.st.stm32cube.ide.mcu.externaltools.gnu-tools-for-stm32.13.3.rel1.win32_1.0.0.202411081344/tools/bin/../lib/gcc/arm-none-eabi/13.3.1/thumb/v7-m/nofp/crtn.o
 *(.fini)
 .fini          0x08005800        0x4 D:/ST/STM32CubeIDE_1.18.0/STM32CubeIDE/plugins/com.st.stm32cube.ide.mcu.externaltools.gnu-tools-for-stm32.13.3.rel1.win32_1.0.0.202411081344/tools/bin/../lib/gcc/arm-none-eabi/13.3.1/thumb/v7-m/nofp/crti.o
                0x08005800                _fini
 .fini          0x08005804        0x8 D:/ST/STM32CubeIDE_1.18.0/STM32CubeIDE/plugins/com.st.stm32cube.ide.mcu.externaltools.gnu-tools-for-stm32.13.3.rel1.win32_1.0.0.202411081344/tools/bin/../lib/gcc/arm-none-eabi/13.3.1/thumb/v7-m/nofp/crtn.o
                0x0800580c                        . = ALIGN (0x4)
                0x0800580c                        _etext = .

.vfp11_veneer   0x0800580c        0x0
 .vfp11_veneer  0x0800580c        0x0 linker stubs

.v4_bx          0x0800580c        0x0
 .v4_bx         0x0800580c        0x0 linker stubs

.iplt           0x0800580c        0x0
 .iplt          0x0800580c        0x0 D:/ST/STM32CubeIDE_1.18.0/STM32CubeIDE/plugins/com.st.stm32cube.ide.mcu.externaltools.gnu-tools-for-stm32.13.3.rel1.win32_1.0.0.202411081344/tools/bin/../lib/gcc/arm-none-eabi/13.3.1/thumb/v7-m/nofp/crtbegin.o

.rodata         0x0800580c      0x4f4
                0x0800580c                        . = ALIGN (0x4)
 *(.rodata)
 .rodata        0x0800580c       0xbe ./Core/Src/atk_mw1278d.o
 *fill*         0x080058ca        0x2 
 .rodata        0x080058cc      0x1bf ./Core/Src/bms_globals.o
 *fill*         0x08005a8b        0x1 
 .rodata        0x08005a8c       0x28 ./Core/Src/can.o
 .rodata        0x08005ab4      0x1e9 ./Core/Src/usart.o
 *(.rodata*)
 *fill*         0x08005c9d        0x3 
 .rodata.AHBPrescTable
                0x08005ca0       0x10 ./Core/Src/system_stm32f1xx.o
                0x08005ca0                AHBPrescTable
 .rodata.APBPrescTable
                0x08005cb0        0x8 ./Core/Src/system_stm32f1xx.o
                0x08005cb0                APBPrescTable
 .rodata.aPLLMULFactorTable.1
                0x08005cb8       0x10 ./Drivers/STM32F1xx_HAL_Driver/Src/stm32f1xx_hal_rcc.o
 .rodata.aPredivFactorTable.0
                0x08005cc8        0x2 ./Drivers/STM32F1xx_HAL_Driver/Src/stm32f1xx_hal_rcc.o
 .rodata._svfprintf_r.str1.1
                0x08005cca       0x33 D:/ST/STM32CubeIDE_1.18.0/STM32CubeIDE/plugins/com.st.stm32cube.ide.mcu.externaltools.gnu-tools-for-stm32.13.3.rel1.win32_1.0.0.202411081344/tools/bin/../lib/gcc/arm-none-eabi/13.3.1/../../../../arm-none-eabi/lib/thumb/v7-m/nofp\libc_nano.a(libc_a-nano-svfprintf.o)
                                 0x11 (size before relaxing)
 .rodata._printf_i.str1.1
                0x08005cfd       0x22 D:/ST/STM32CubeIDE_1.18.0/STM32CubeIDE/plugins/com.st.stm32cube.ide.mcu.externaltools.gnu-tools-for-stm32.13.3.rel1.win32_1.0.0.202411081344/tools/bin/../lib/gcc/arm-none-eabi/13.3.1/../../../../arm-none-eabi/lib/thumb/v7-m/nofp\libc_nano.a(libc_a-nano-vfprintf_i.o)
                0x08005d20                        . = ALIGN (0x4)
 *fill*         0x08005cfd        0x3 

.ARM.extab      0x08005d00        0x0
                0x08005d00                        . = ALIGN (0x4)
 *(.ARM.extab* .gnu.linkonce.armextab.*)
                0x08005d00                        . = ALIGN (0x4)

.ARM            0x08005d00        0x8
                0x08005d00                        . = ALIGN (0x4)
                0x08005d00                        __exidx_start = .
 *(.ARM.exidx*)
 .ARM.exidx     0x08005d00        0x8 D:/ST/STM32CubeIDE_1.18.0/STM32CubeIDE/plugins/com.st.stm32cube.ide.mcu.externaltools.gnu-tools-for-stm32.13.3.rel1.win32_1.0.0.202411081344/tools/bin/../lib/gcc/arm-none-eabi/13.3.1/../../../../arm-none-eabi/lib/thumb/v7-m/nofp\libc_nano.a(libc_a-strlen.o)
                0x08005d08                        __exidx_end = .
                0x08005d08                        . = ALIGN (0x4)

.preinit_array  0x08005d08        0x0
                0x08005d08                        . = ALIGN (0x4)
                0x08005d08                        PROVIDE (__preinit_array_start = .)
 *(.preinit_array*)
                0x08005d08                        PROVIDE (__preinit_array_end = .)
                0x08005d08                        . = ALIGN (0x4)

.init_array     0x08005d08        0x4
                0x08005d08                        . = ALIGN (0x4)
                0x08005d08                        PROVIDE (__init_array_start = .)
 *(SORT_BY_NAME(.init_array.*))
 *(.init_array*)
 .init_array    0x08005d08        0x4 D:/ST/STM32CubeIDE_1.18.0/STM32CubeIDE/plugins/com.st.stm32cube.ide.mcu.externaltools.gnu-tools-for-stm32.13.3.rel1.win32_1.0.0.202411081344/tools/bin/../lib/gcc/arm-none-eabi/13.3.1/thumb/v7-m/nofp/crtbegin.o
                0x08005d0c                        PROVIDE (__init_array_end = .)
                0x08005d0c                        . = ALIGN (0x4)

.fini_array     0x08005d0c        0x4
                0x08005d0c                        . = ALIGN (0x4)
                [!provide]                        PROVIDE (__fini_array_start = .)
 *(SORT_BY_NAME(.fini_array.*))
 *(.fini_array*)
 .fini_array    0x08005d0c        0x4 D:/ST/STM32CubeIDE_1.18.0/STM32CubeIDE/plugins/com.st.stm32cube.ide.mcu.externaltools.gnu-tools-for-stm32.13.3.rel1.win32_1.0.0.202411081344/tools/bin/../lib/gcc/arm-none-eabi/13.3.1/thumb/v7-m/nofp/crtbegin.o
                [!provide]                        PROVIDE (__fini_array_end = .)
                0x08005d10                        . = ALIGN (0x4)
                0x08005d10                        _sidata = LOADADDR (.data)

.rel.dyn        0x08005d10        0x0
 .rel.iplt      0x08005d10        0x0 D:/ST/STM32CubeIDE_1.18.0/STM32CubeIDE/plugins/com.st.stm32cube.ide.mcu.externaltools.gnu-tools-for-stm32.13.3.rel1.win32_1.0.0.202411081344/tools/bin/../lib/gcc/arm-none-eabi/13.3.1/thumb/v7-m/nofp/crtbegin.o

.data           0x20000000      0x150 load address 0x08005d10
                0x20000000                        . = ALIGN (0x4)
                0x20000000                        _sdata = .
 *(.data)
 *(.data*)
 .data.IMD      0x20000000        0x4 ./Core/Src/bms_globals.o
                0x20000000                IMD
 .data.SystemCoreClock
                0x20000004        0x4 ./Core/Src/system_stm32f1xx.o
                0x20000004                SystemCoreClock
 .data.IMD_mode
                0x20000008       0x30 ./Core/Src/usart.o
                0x20000008                IMD_mode
 .data.Air_mode
                0x20000038       0x30 ./Core/Src/usart.o
                0x20000038                Air_mode
 .data.Battery_mode
                0x20000068       0x90 ./Core/Src/usart.o
                0x20000068                Battery_mode
 .data.uwTickPrio
                0x200000f8        0x4 ./Drivers/STM32F1xx_HAL_Driver/Src/stm32f1xx_hal.o
                0x200000f8                uwTickPrio
 .data.uwTickFreq
                0x200000fc        0x1 ./Drivers/STM32F1xx_HAL_Driver/Src/stm32f1xx_hal.o
                0x200000fc                uwTickFreq
 *fill*         0x200000fd        0x3 
 .data._impure_ptr
                0x20000100        0x4 D:/ST/STM32CubeIDE_1.18.0/STM32CubeIDE/plugins/com.st.stm32cube.ide.mcu.externaltools.gnu-tools-for-stm32.13.3.rel1.win32_1.0.0.202411081344/tools/bin/../lib/gcc/arm-none-eabi/13.3.1/../../../../arm-none-eabi/lib/thumb/v7-m/nofp\libc_nano.a(libc_a-impure.o)
                0x20000100                _impure_ptr
 .data._impure_data
                0x20000104       0x4c D:/ST/STM32CubeIDE_1.18.0/STM32CubeIDE/plugins/com.st.stm32cube.ide.mcu.externaltools.gnu-tools-for-stm32.13.3.rel1.win32_1.0.0.202411081344/tools/bin/../lib/gcc/arm-none-eabi/13.3.1/../../../../arm-none-eabi/lib/thumb/v7-m/nofp\libc_nano.a(libc_a-impure.o)
                0x20000104                _impure_data
 *(.RamFunc)
 *(.RamFunc*)
                0x20000150                        . = ALIGN (0x4)
                0x20000150                        _edata = .

.igot.plt       0x20000150        0x0 load address 0x08005e60
 .igot.plt      0x20000150        0x0 D:/ST/STM32CubeIDE_1.18.0/STM32CubeIDE/plugins/com.st.stm32cube.ide.mcu.externaltools.gnu-tools-for-stm32.13.3.rel1.win32_1.0.0.202411081344/tools/bin/../lib/gcc/arm-none-eabi/13.3.1/thumb/v7-m/nofp/crtbegin.o
                0x20000150                        . = ALIGN (0x4)

.bss            0x20000150      0x7dc load address 0x08005e60
                0x20000150                        _sbss = .
                0x20000150                        __bss_start__ = _sbss
 *(.bss)
 .bss           0x20000150       0x1c D:/ST/STM32CubeIDE_1.18.0/STM32CubeIDE/plugins/com.st.stm32cube.ide.mcu.externaltools.gnu-tools-for-stm32.13.3.rel1.win32_1.0.0.202411081344/tools/bin/../lib/gcc/arm-none-eabi/13.3.1/thumb/v7-m/nofp/crtbegin.o
 *(.bss*)
 .bss.g_tim_handle
                0x2000016c       0x48 ./Core/Src/atk_mw1278d_uart.o
 .bss.g_uart_handle
                0x200001b4       0x48 ./Core/Src/atk_mw1278d_uart.o
 .bss.g_uart_rx_frame
                0x200001fc      0x102 ./Core/Src/atk_mw1278d_uart.o
 *fill*         0x200002fe        0x2 
 .bss.g_uart_tx_buf
                0x20000300       0x80 ./Core/Src/atk_mw1278d_uart.o
 .bss.Voltage   0x20000380      0x228 ./Core/Src/bms_globals.o
                0x20000380                Voltage
 .bss.Temperature
                0x200005a8       0xc0 ./Core/Src/bms_globals.o
                0x200005a8                Temperature
 .bss.Highest_Voltage
                0x20000668        0x4 ./Core/Src/bms_globals.o
                0x20000668                Highest_Voltage
 .bss.Lowest_Voltage
                0x2000066c        0x4 ./Core/Src/bms_globals.o
                0x2000066c                Lowest_Voltage
 .bss.Highest_Temperature
                0x20000670        0x4 ./Core/Src/bms_globals.o
                0x20000670                Highest_Temperature
 .bss.Lowest_Temperature
                0x20000674        0x4 ./Core/Src/bms_globals.o
                0x20000674                Lowest_Temperature
 .bss.Asking_Voltage
                0x20000678        0x4 ./Core/Src/bms_globals.o
                0x20000678                Asking_Voltage
 .bss.Asking_I  0x2000067c        0x4 ./Core/Src/bms_globals.o
                0x2000067c                Asking_I
 .bss.Sum_Voltage
                0x20000680        0x4 ./Core/Src/bms_globals.o
                0x20000680                Sum_Voltage
 .bss.Sum_I     0x20000684        0x4 ./Core/Src/bms_globals.o
                0x20000684                Sum_I
 .bss.Charging_Voltage
                0x20000688        0x4 ./Core/Src/bms_globals.o
                0x20000688                Charging_Voltage
 .bss.Air1      0x2000068c        0x4 ./Core/Src/bms_globals.o
                0x2000068c                Air1
 .bss.Air2      0x20000690        0x4 ./Core/Src/bms_globals.o
                0x20000690                Air2
 .bss.Air3      0x20000694        0x4 ./Core/Src/bms_globals.o
                0x20000694                Air3
 .bss.SOC       0x20000698        0x4 ./Core/Src/bms_globals.o
                0x20000698                SOC
 .bss.Battery_State
                0x2000069c        0x4 ./Core/Src/bms_globals.o
                0x2000069c                Battery_State
 .bss.Charging_Signal
                0x200006a0        0x4 ./Core/Src/bms_globals.o
                0x200006a0                Charging_Signal
 .bss.Acc_x     0x200006a4        0x4 ./Core/Src/bms_globals.o
                0x200006a4                Acc_x
 .bss.Acc_y     0x200006a8        0x4 ./Core/Src/bms_globals.o
                0x200006a8                Acc_y
 .bss.Velocity  0x200006ac        0x4 ./Core/Src/bms_globals.o
                0x200006ac                Velocity
 .bss.RxHeader  0x200006b0       0x1c ./Core/Src/can.o
                0x200006b0                RxHeader
 .bss.CAN_RxData
                0x200006cc        0x8 ./Core/Src/can.o
                0x200006cc                CAN_RxData
 .bss.hcan      0x200006d4       0x28 ./Core/Src/can.o
                0x200006d4                hcan
 .bss.g_fac_us  0x200006fc        0x2 ./Core/Src/delay.o
 *fill*         0x200006fe        0x2 
 .bss.rx_data   0x20000700        0x4 ./Core/Src/main.o
                0x20000700                rx_data
 .bss.__sbrk_heap_end
                0x20000704        0x4 ./Core/Src/sysmem.o
 .bss.htim4     0x20000708       0x48 ./Core/Src/tim.o
                0x20000708                htim4
 .bss.huart2    0x20000750       0x48 ./Core/Src/usart.o
                0x20000750                huart2
 .bss.huart3    0x20000798       0x48 ./Core/Src/usart.o
                0x20000798                huart3
 .bss.uwTick    0x200007e0        0x4 ./Drivers/STM32F1xx_HAL_Driver/Src/stm32f1xx_hal.o
                0x200007e0                uwTick
 .bss.__sf      0x200007e4      0x138 D:/ST/STM32CubeIDE_1.18.0/STM32CubeIDE/plugins/com.st.stm32cube.ide.mcu.externaltools.gnu-tools-for-stm32.13.3.rel1.win32_1.0.0.202411081344/tools/bin/../lib/gcc/arm-none-eabi/13.3.1/../../../../arm-none-eabi/lib/thumb/v7-m/nofp\libc_nano.a(libc_a-findfp.o)
                0x200007e4                __sf
 .bss.errno     0x2000091c        0x4 D:/ST/STM32CubeIDE_1.18.0/STM32CubeIDE/plugins/com.st.stm32cube.ide.mcu.externaltools.gnu-tools-for-stm32.13.3.rel1.win32_1.0.0.202411081344/tools/bin/../lib/gcc/arm-none-eabi/13.3.1/../../../../arm-none-eabi/lib/thumb/v7-m/nofp\libc_nano.a(libc_a-reent.o)
                0x2000091c                errno
 .bss.__lock___malloc_recursive_mutex
                0x20000920        0x1 D:/ST/STM32CubeIDE_1.18.0/STM32CubeIDE/plugins/com.st.stm32cube.ide.mcu.externaltools.gnu-tools-for-stm32.13.3.rel1.win32_1.0.0.202411081344/tools/bin/../lib/gcc/arm-none-eabi/13.3.1/../../../../arm-none-eabi/lib/thumb/v7-m/nofp\libc_nano.a(libc_a-lock.o)
                0x20000920                __lock___malloc_recursive_mutex
 *fill*         0x20000921        0x3 
 .bss.__malloc_sbrk_start
                0x20000924        0x4 D:/ST/STM32CubeIDE_1.18.0/STM32CubeIDE/plugins/com.st.stm32cube.ide.mcu.externaltools.gnu-tools-for-stm32.13.3.rel1.win32_1.0.0.202411081344/tools/bin/../lib/gcc/arm-none-eabi/13.3.1/../../../../arm-none-eabi/lib/thumb/v7-m/nofp\libc_nano.a(libc_a-mallocr.o)
                0x20000924                __malloc_sbrk_start
 .bss.__malloc_free_list
                0x20000928        0x4 D:/ST/STM32CubeIDE_1.18.0/STM32CubeIDE/plugins/com.st.stm32cube.ide.mcu.externaltools.gnu-tools-for-stm32.13.3.rel1.win32_1.0.0.202411081344/tools/bin/../lib/gcc/arm-none-eabi/13.3.1/../../../../arm-none-eabi/lib/thumb/v7-m/nofp\libc_nano.a(libc_a-mallocr.o)
                0x20000928                __malloc_free_list
 *(COMMON)
                0x2000092c                        . = ALIGN (0x4)
                0x2000092c                        _ebss = .
                0x2000092c                        __bss_end__ = _ebss

._user_heap_stack
                0x2000092c      0x604 load address 0x08005e60
                0x20000930                        . = ALIGN (0x8)
 *fill*         0x2000092c        0x4 
                [!provide]                        PROVIDE (end = .)
                0x20000930                        PROVIDE (_end = .)
                0x20000b30                        . = (. + _Min_Heap_Size)
 *fill*         0x20000930      0x200 
                0x20000f30                        . = (. + _Min_Stack_Size)
 *fill*         0x20000b30      0x400 
                0x20000f30                        . = ALIGN (0x8)

/DISCARD/
 libc.a(*)
 libm.a(*)
 libgcc.a(*)

.ARM.attributes
                0x00000000       0x29
 *(.ARM.attributes)
 .ARM.attributes
                0x00000000       0x1d D:/ST/STM32CubeIDE_1.18.0/STM32CubeIDE/plugins/com.st.stm32cube.ide.mcu.externaltools.gnu-tools-for-stm32.13.3.rel1.win32_1.0.0.202411081344/tools/bin/../lib/gcc/arm-none-eabi/13.3.1/thumb/v7-m/nofp/crti.o
 .ARM.attributes
                0x0000001d       0x2d D:/ST/STM32CubeIDE_1.18.0/STM32CubeIDE/plugins/com.st.stm32cube.ide.mcu.externaltools.gnu-tools-for-stm32.13.3.rel1.win32_1.0.0.202411081344/tools/bin/../lib/gcc/arm-none-eabi/13.3.1/thumb/v7-m/nofp/crtbegin.o
 .ARM.attributes
                0x0000004a       0x2d ./Core/Src/atk_mw1278d.o
 .ARM.attributes
                0x00000077       0x2d ./Core/Src/atk_mw1278d_uart.o
 .ARM.attributes
                0x000000a4       0x2d ./Core/Src/bms_globals.o
 .ARM.attributes
                0x000000d1       0x2d ./Core/Src/can.o
 .ARM.attributes
                0x000000fe       0x2d ./Core/Src/delay.o
 .ARM.attributes
                0x0000012b       0x2d ./Core/Src/demo.o
 .ARM.attributes
                0x00000158       0x2d ./Core/Src/gpio.o
 .ARM.attributes
                0x00000185       0x2d ./Core/Src/main.o
 .ARM.attributes
                0x000001b2       0x2d ./Core/Src/stm32f1xx_hal_msp.o
 .ARM.attributes
                0x000001df       0x2d ./Core/Src/stm32f1xx_it.o
 .ARM.attributes
                0x0000020c       0x2d ./Core/Src/sysmem.o
 .ARM.attributes
                0x00000239       0x2d ./Core/Src/system_stm32f1xx.o
 .ARM.attributes
                0x00000266       0x2d ./Core/Src/tim.o
 .ARM.attributes
                0x00000293       0x2d ./Core/Src/usart.o
 .ARM.attributes
                0x000002c0       0x21 ./Core/Startup/startup_stm32f103c8tx.o
 .ARM.attributes
                0x000002e1       0x2d ./Drivers/STM32F1xx_HAL_Driver/Src/stm32f1xx_hal.o
 .ARM.attributes
                0x0000030e       0x2d ./Drivers/STM32F1xx_HAL_Driver/Src/stm32f1xx_hal_can.o
 .ARM.attributes
                0x0000033b       0x2d ./Drivers/STM32F1xx_HAL_Driver/Src/stm32f1xx_hal_cortex.o
 .ARM.attributes
                0x00000368       0x2d ./Drivers/STM32F1xx_HAL_Driver/Src/stm32f1xx_hal_gpio.o
 .ARM.attributes
                0x00000395       0x2d ./Drivers/STM32F1xx_HAL_Driver/Src/stm32f1xx_hal_rcc.o
 .ARM.attributes
                0x000003c2       0x2d ./Drivers/STM32F1xx_HAL_Driver/Src/stm32f1xx_hal_tim.o
 .ARM.attributes
                0x000003ef       0x2d ./Drivers/STM32F1xx_HAL_Driver/Src/stm32f1xx_hal_tim_ex.o
 .ARM.attributes
                0x0000041c       0x2d ./Drivers/STM32F1xx_HAL_Driver/Src/stm32f1xx_hal_uart.o
 .ARM.attributes
                0x00000449       0x2d D:/ST/STM32CubeIDE_1.18.0/STM32CubeIDE/plugins/com.st.stm32cube.ide.mcu.externaltools.gnu-tools-for-stm32.13.3.rel1.win32_1.0.0.202411081344/tools/bin/../lib/gcc/arm-none-eabi/13.3.1/../../../../arm-none-eabi/lib/thumb/v7-m/nofp\libc_nano.a(libc_a-findfp.o)
 .ARM.attributes
                0x00000476       0x2d D:/ST/STM32CubeIDE_1.18.0/STM32CubeIDE/plugins/com.st.stm32cube.ide.mcu.externaltools.gnu-tools-for-stm32.13.3.rel1.win32_1.0.0.202411081344/tools/bin/../lib/gcc/arm-none-eabi/13.3.1/../../../../arm-none-eabi/lib/thumb/v7-m/nofp\libc_nano.a(libc_a-sprintf.o)
 .ARM.attributes
                0x000004a3       0x2d D:/ST/STM32CubeIDE_1.18.0/STM32CubeIDE/plugins/com.st.stm32cube.ide.mcu.externaltools.gnu-tools-for-stm32.13.3.rel1.win32_1.0.0.202411081344/tools/bin/../lib/gcc/arm-none-eabi/13.3.1/../../../../arm-none-eabi/lib/thumb/v7-m/nofp\libc_nano.a(libc_a-vsprintf.o)
 .ARM.attributes
                0x000004d0       0x2d D:/ST/STM32CubeIDE_1.18.0/STM32CubeIDE/plugins/com.st.stm32cube.ide.mcu.externaltools.gnu-tools-for-stm32.13.3.rel1.win32_1.0.0.202411081344/tools/bin/../lib/gcc/arm-none-eabi/13.3.1/../../../../arm-none-eabi/lib/thumb/v7-m/nofp\libc_nano.a(libc_a-memset.o)
 .ARM.attributes
                0x000004fd       0x2d D:/ST/STM32CubeIDE_1.18.0/STM32CubeIDE/plugins/com.st.stm32cube.ide.mcu.externaltools.gnu-tools-for-stm32.13.3.rel1.win32_1.0.0.202411081344/tools/bin/../lib/gcc/arm-none-eabi/13.3.1/../../../../arm-none-eabi/lib/thumb/v7-m/nofp\libc_nano.a(libc_a-strstr.o)
 .ARM.attributes
                0x0000052a       0x2d D:/ST/STM32CubeIDE_1.18.0/STM32CubeIDE/plugins/com.st.stm32cube.ide.mcu.externaltools.gnu-tools-for-stm32.13.3.rel1.win32_1.0.0.202411081344/tools/bin/../lib/gcc/arm-none-eabi/13.3.1/../../../../arm-none-eabi/lib/thumb/v7-m/nofp\libc_nano.a(libc_a-reent.o)
 .ARM.attributes
                0x00000557       0x2d D:/ST/STM32CubeIDE_1.18.0/STM32CubeIDE/plugins/com.st.stm32cube.ide.mcu.externaltools.gnu-tools-for-stm32.13.3.rel1.win32_1.0.0.202411081344/tools/bin/../lib/gcc/arm-none-eabi/13.3.1/../../../../arm-none-eabi/lib/thumb/v7-m/nofp\libc_nano.a(libc_a-impure.o)
 .ARM.attributes
                0x00000584       0x2d D:/ST/STM32CubeIDE_1.18.0/STM32CubeIDE/plugins/com.st.stm32cube.ide.mcu.externaltools.gnu-tools-for-stm32.13.3.rel1.win32_1.0.0.202411081344/tools/bin/../lib/gcc/arm-none-eabi/13.3.1/../../../../arm-none-eabi/lib/thumb/v7-m/nofp\libc_nano.a(libc_a-errno.o)
 .ARM.attributes
                0x000005b1       0x2d D:/ST/STM32CubeIDE_1.18.0/STM32CubeIDE/plugins/com.st.stm32cube.ide.mcu.externaltools.gnu-tools-for-stm32.13.3.rel1.win32_1.0.0.202411081344/tools/bin/../lib/gcc/arm-none-eabi/13.3.1/../../../../arm-none-eabi/lib/thumb/v7-m/nofp\libc_nano.a(libc_a-init.o)
 .ARM.attributes
                0x000005de       0x2d D:/ST/STM32CubeIDE_1.18.0/STM32CubeIDE/plugins/com.st.stm32cube.ide.mcu.externaltools.gnu-tools-for-stm32.13.3.rel1.win32_1.0.0.202411081344/tools/bin/../lib/gcc/arm-none-eabi/13.3.1/../../../../arm-none-eabi/lib/thumb/v7-m/nofp\libc_nano.a(libc_a-lock.o)
 .ARM.attributes
                0x0000060b       0x17 D:/ST/STM32CubeIDE_1.18.0/STM32CubeIDE/plugins/com.st.stm32cube.ide.mcu.externaltools.gnu-tools-for-stm32.13.3.rel1.win32_1.0.0.202411081344/tools/bin/../lib/gcc/arm-none-eabi/13.3.1/../../../../arm-none-eabi/lib/thumb/v7-m/nofp\libc_nano.a(libc_a-strlen.o)
 .ARM.attributes
                0x00000622       0x2d D:/ST/STM32CubeIDE_1.18.0/STM32CubeIDE/plugins/com.st.stm32cube.ide.mcu.externaltools.gnu-tools-for-stm32.13.3.rel1.win32_1.0.0.202411081344/tools/bin/../lib/gcc/arm-none-eabi/13.3.1/../../../../arm-none-eabi/lib/thumb/v7-m/nofp\libc_nano.a(libc_a-freer.o)
 .ARM.attributes
                0x0000064f       0x2d D:/ST/STM32CubeIDE_1.18.0/STM32CubeIDE/plugins/com.st.stm32cube.ide.mcu.externaltools.gnu-tools-for-stm32.13.3.rel1.win32_1.0.0.202411081344/tools/bin/../lib/gcc/arm-none-eabi/13.3.1/../../../../arm-none-eabi/lib/thumb/v7-m/nofp\libc_nano.a(libc_a-mallocr.o)
 .ARM.attributes
                0x0000067c       0x2d D:/ST/STM32CubeIDE_1.18.0/STM32CubeIDE/plugins/com.st.stm32cube.ide.mcu.externaltools.gnu-tools-for-stm32.13.3.rel1.win32_1.0.0.202411081344/tools/bin/../lib/gcc/arm-none-eabi/13.3.1/../../../../arm-none-eabi/lib/thumb/v7-m/nofp\libc_nano.a(libc_a-mlock.o)
 .ARM.attributes
                0x000006a9       0x2d D:/ST/STM32CubeIDE_1.18.0/STM32CubeIDE/plugins/com.st.stm32cube.ide.mcu.externaltools.gnu-tools-for-stm32.13.3.rel1.win32_1.0.0.202411081344/tools/bin/../lib/gcc/arm-none-eabi/13.3.1/../../../../arm-none-eabi/lib/thumb/v7-m/nofp\libc_nano.a(libc_a-nano-svfprintf.o)
 .ARM.attributes
                0x000006d6       0x2d D:/ST/STM32CubeIDE_1.18.0/STM32CubeIDE/plugins/com.st.stm32cube.ide.mcu.externaltools.gnu-tools-for-stm32.13.3.rel1.win32_1.0.0.202411081344/tools/bin/../lib/gcc/arm-none-eabi/13.3.1/../../../../arm-none-eabi/lib/thumb/v7-m/nofp\libc_nano.a(libc_a-nano-vfprintf_i.o)
 .ARM.attributes
                0x00000703       0x2d D:/ST/STM32CubeIDE_1.18.0/STM32CubeIDE/plugins/com.st.stm32cube.ide.mcu.externaltools.gnu-tools-for-stm32.13.3.rel1.win32_1.0.0.202411081344/tools/bin/../lib/gcc/arm-none-eabi/13.3.1/../../../../arm-none-eabi/lib/thumb/v7-m/nofp\libc_nano.a(libc_a-memmove.o)
 .ARM.attributes
                0x00000730       0x2d D:/ST/STM32CubeIDE_1.18.0/STM32CubeIDE/plugins/com.st.stm32cube.ide.mcu.externaltools.gnu-tools-for-stm32.13.3.rel1.win32_1.0.0.202411081344/tools/bin/../lib/gcc/arm-none-eabi/13.3.1/../../../../arm-none-eabi/lib/thumb/v7-m/nofp\libc_nano.a(libc_a-sbrkr.o)
 .ARM.attributes
                0x0000075d       0x2d D:/ST/STM32CubeIDE_1.18.0/STM32CubeIDE/plugins/com.st.stm32cube.ide.mcu.externaltools.gnu-tools-for-stm32.13.3.rel1.win32_1.0.0.202411081344/tools/bin/../lib/gcc/arm-none-eabi/13.3.1/../../../../arm-none-eabi/lib/thumb/v7-m/nofp\libc_nano.a(libc_a-memchr-stub.o)
 .ARM.attributes
                0x0000078a       0x2d D:/ST/STM32CubeIDE_1.18.0/STM32CubeIDE/plugins/com.st.stm32cube.ide.mcu.externaltools.gnu-tools-for-stm32.13.3.rel1.win32_1.0.0.202411081344/tools/bin/../lib/gcc/arm-none-eabi/13.3.1/../../../../arm-none-eabi/lib/thumb/v7-m/nofp\libc_nano.a(libc_a-memcpy-stub.o)
 .ARM.attributes
                0x000007b7       0x2d D:/ST/STM32CubeIDE_1.18.0/STM32CubeIDE/plugins/com.st.stm32cube.ide.mcu.externaltools.gnu-tools-for-stm32.13.3.rel1.win32_1.0.0.202411081344/tools/bin/../lib/gcc/arm-none-eabi/13.3.1/../../../../arm-none-eabi/lib/thumb/v7-m/nofp\libc_nano.a(libc_a-reallocr.o)
 .ARM.attributes
                0x000007e4       0x2d D:/ST/STM32CubeIDE_1.18.0/STM32CubeIDE/plugins/com.st.stm32cube.ide.mcu.externaltools.gnu-tools-for-stm32.13.3.rel1.win32_1.0.0.202411081344/tools/bin/../lib/gcc/arm-none-eabi/13.3.1/../../../../arm-none-eabi/lib/thumb/v7-m/nofp\libc_nano.a(libc_a-msizer.o)
 .ARM.attributes
                0x00000811       0x1d D:/ST/STM32CubeIDE_1.18.0/STM32CubeIDE/plugins/com.st.stm32cube.ide.mcu.externaltools.gnu-tools-for-stm32.13.3.rel1.win32_1.0.0.202411081344/tools/bin/../lib/gcc/arm-none-eabi/13.3.1/thumb/v7-m/nofp\libgcc.a(_arm_addsubdf3.o)
 .ARM.attributes
                0x0000082e       0x1d D:/ST/STM32CubeIDE_1.18.0/STM32CubeIDE/plugins/com.st.stm32cube.ide.mcu.externaltools.gnu-tools-for-stm32.13.3.rel1.win32_1.0.0.202411081344/tools/bin/../lib/gcc/arm-none-eabi/13.3.1/thumb/v7-m/nofp\libgcc.a(_arm_muldivdf3.o)
 .ARM.attributes
                0x0000084b       0x1d D:/ST/STM32CubeIDE_1.18.0/STM32CubeIDE/plugins/com.st.stm32cube.ide.mcu.externaltools.gnu-tools-for-stm32.13.3.rel1.win32_1.0.0.202411081344/tools/bin/../lib/gcc/arm-none-eabi/13.3.1/thumb/v7-m/nofp\libgcc.a(_arm_fixdfsi.o)
 .ARM.attributes
                0x00000868       0x1d D:/ST/STM32CubeIDE_1.18.0/STM32CubeIDE/plugins/com.st.stm32cube.ide.mcu.externaltools.gnu-tools-for-stm32.13.3.rel1.win32_1.0.0.202411081344/tools/bin/../lib/gcc/arm-none-eabi/13.3.1/thumb/v7-m/nofp\libgcc.a(_arm_addsubsf3.o)
 .ARM.attributes
                0x00000885       0x1d D:/ST/STM32CubeIDE_1.18.0/STM32CubeIDE/plugins/com.st.stm32cube.ide.mcu.externaltools.gnu-tools-for-stm32.13.3.rel1.win32_1.0.0.202411081344/tools/bin/../lib/gcc/arm-none-eabi/13.3.1/thumb/v7-m/nofp/crtn.o
OUTPUT(FSAE_HMI_PDA.elf elf32-littlearm)
LOAD linker stubs
LOAD D:/ST/STM32CubeIDE_1.18.0/STM32CubeIDE/plugins/com.st.stm32cube.ide.mcu.externaltools.gnu-tools-for-stm32.13.3.rel1.win32_1.0.0.202411081344/tools/bin/../lib/gcc/arm-none-eabi/13.3.1/../../../../arm-none-eabi/lib/thumb/v7-m/nofp\libc.a
LOAD D:/ST/STM32CubeIDE_1.18.0/STM32CubeIDE/plugins/com.st.stm32cube.ide.mcu.externaltools.gnu-tools-for-stm32.13.3.rel1.win32_1.0.0.202411081344/tools/bin/../lib/gcc/arm-none-eabi/13.3.1/../../../../arm-none-eabi/lib/thumb/v7-m/nofp\libm.a
LOAD D:/ST/STM32CubeIDE_1.18.0/STM32CubeIDE/plugins/com.st.stm32cube.ide.mcu.externaltools.gnu-tools-for-stm32.13.3.rel1.win32_1.0.0.202411081344/tools/bin/../lib/gcc/arm-none-eabi/13.3.1/thumb/v7-m/nofp\libgcc.a

.debug_info     0x00000000     0xf6a3
 .debug_info    0x00000000      0x9b3 ./Core/Src/atk_mw1278d.o
 .debug_info    0x000009b3      0xb36 ./Core/Src/atk_mw1278d_uart.o
 .debug_info    0x000014e9      0x4eb ./Core/Src/bms_globals.o
 .debug_info    0x000019d4      0xd5c ./Core/Src/can.o
 .debug_info    0x00002730      0x1dc ./Core/Src/delay.o
 .debug_info    0x0000290c      0x313 ./Core/Src/demo.o
 .debug_info    0x00002c1f      0x2d3 ./Core/Src/gpio.o
 .debug_info    0x00002ef2      0xaca ./Core/Src/main.o
 .debug_info    0x000039bc      0x1f1 ./Core/Src/stm32f1xx_hal_msp.o
 .debug_info    0x00003bad      0x516 ./Core/Src/stm32f1xx_it.o
 .debug_info    0x000040c3      0x168 ./Core/Src/sysmem.o
 .debug_info    0x0000422b      0x222 ./Core/Src/system_stm32f1xx.o
 .debug_info    0x0000444d      0x9bb ./Core/Src/tim.o
 .debug_info    0x00004e08      0xcbb ./Core/Src/usart.o
 .debug_info    0x00005ac3       0x30 ./Core/Startup/startup_stm32f103c8tx.o
 .debug_info    0x00005af3      0x704 ./Drivers/STM32F1xx_HAL_Driver/Src/stm32f1xx_hal.o
 .debug_info    0x000061f7      0xf27 ./Drivers/STM32F1xx_HAL_Driver/Src/stm32f1xx_hal_can.o
 .debug_info    0x0000711e      0xa87 ./Drivers/STM32F1xx_HAL_Driver/Src/stm32f1xx_hal_cortex.o
 .debug_info    0x00007ba5      0x5ab ./Drivers/STM32F1xx_HAL_Driver/Src/stm32f1xx_hal_gpio.o
 .debug_info    0x00008150      0x7d5 ./Drivers/STM32F1xx_HAL_Driver/Src/stm32f1xx_hal_rcc.o
 .debug_info    0x00008925     0x293b ./Drivers/STM32F1xx_HAL_Driver/Src/stm32f1xx_hal_tim.o
 .debug_info    0x0000b260     0x149b ./Drivers/STM32F1xx_HAL_Driver/Src/stm32f1xx_hal_tim_ex.o
 .debug_info    0x0000c6fb     0x2fa8 ./Drivers/STM32F1xx_HAL_Driver/Src/stm32f1xx_hal_uart.o

.debug_abbrev   0x00000000     0x2c29
 .debug_abbrev  0x00000000      0x269 ./Core/Src/atk_mw1278d.o
 .debug_abbrev  0x00000269      0x294 ./Core/Src/atk_mw1278d_uart.o
 .debug_abbrev  0x000004fd      0x186 ./Core/Src/bms_globals.o
 .debug_abbrev  0x00000683      0x2b1 ./Core/Src/can.o
 .debug_abbrev  0x00000934      0x158 ./Core/Src/delay.o
 .debug_abbrev  0x00000a8c       0xd2 ./Core/Src/demo.o
 .debug_abbrev  0x00000b5e      0x13f ./Core/Src/gpio.o
 .debug_abbrev  0x00000c9d      0x2c1 ./Core/Src/main.o
 .debug_abbrev  0x00000f5e       0xdb ./Core/Src/stm32f1xx_hal_msp.o
 .debug_abbrev  0x00001039      0x18d ./Core/Src/stm32f1xx_it.o
 .debug_abbrev  0x000011c6       0xbc ./Core/Src/sysmem.o
 .debug_abbrev  0x00001282      0x13f ./Core/Src/system_stm32f1xx.o
 .debug_abbrev  0x000013c1      0x20e ./Core/Src/tim.o
 .debug_abbrev  0x000015cf      0x2a2 ./Core/Src/usart.o
 .debug_abbrev  0x00001871       0x24 ./Core/Startup/startup_stm32f103c8tx.o
 .debug_abbrev  0x00001895      0x201 ./Drivers/STM32F1xx_HAL_Driver/Src/stm32f1xx_hal.o
 .debug_abbrev  0x00001a96      0x22d ./Drivers/STM32F1xx_HAL_Driver/Src/stm32f1xx_hal_can.o
 .debug_abbrev  0x00001cc3      0x2f8 ./Drivers/STM32F1xx_HAL_Driver/Src/stm32f1xx_hal_cortex.o
 .debug_abbrev  0x00001fbb      0x1ca ./Drivers/STM32F1xx_HAL_Driver/Src/stm32f1xx_hal_gpio.o
 .debug_abbrev  0x00002185      0x2b3 ./Drivers/STM32F1xx_HAL_Driver/Src/stm32f1xx_hal_rcc.o
 .debug_abbrev  0x00002438      0x277 ./Drivers/STM32F1xx_HAL_Driver/Src/stm32f1xx_hal_tim.o
 .debug_abbrev  0x000026af      0x282 ./Drivers/STM32F1xx_HAL_Driver/Src/stm32f1xx_hal_tim_ex.o
 .debug_abbrev  0x00002931      0x2f8 ./Drivers/STM32F1xx_HAL_Driver/Src/stm32f1xx_hal_uart.o

.debug_aranges  0x00000000      0xf08
 .debug_aranges
                0x00000000       0xa8 ./Core/Src/atk_mw1278d.o
 .debug_aranges
                0x000000a8       0x50 ./Core/Src/atk_mw1278d_uart.o
 .debug_aranges
                0x000000f8       0x38 ./Core/Src/bms_globals.o
 .debug_aranges
                0x00000130       0x50 ./Core/Src/can.o
 .debug_aranges
                0x00000180       0x38 ./Core/Src/delay.o
 .debug_aranges
                0x000001b8       0x20 ./Core/Src/demo.o
 .debug_aranges
                0x000001d8       0x20 ./Core/Src/gpio.o
 .debug_aranges
                0x000001f8       0x30 ./Core/Src/main.o
 .debug_aranges
                0x00000228       0x20 ./Core/Src/stm32f1xx_hal_msp.o
 .debug_aranges
                0x00000248       0x70 ./Core/Src/stm32f1xx_it.o
 .debug_aranges
                0x000002b8       0x20 ./Core/Src/sysmem.o
 .debug_aranges
                0x000002d8       0x28 ./Core/Src/system_stm32f1xx.o
 .debug_aranges
                0x00000300       0x30 ./Core/Src/tim.o
 .debug_aranges
                0x00000330       0x70 ./Core/Src/usart.o
 .debug_aranges
                0x000003a0       0x28 ./Core/Startup/startup_stm32f103c8tx.o
 .debug_aranges
                0x000003c8       0xe0 ./Drivers/STM32F1xx_HAL_Driver/Src/stm32f1xx_hal.o
 .debug_aranges
                0x000004a8      0x138 ./Drivers/STM32F1xx_HAL_Driver/Src/stm32f1xx_hal_can.o
 .debug_aranges
                0x000005e0      0x100 ./Drivers/STM32F1xx_HAL_Driver/Src/stm32f1xx_hal_cortex.o
 .debug_aranges
                0x000006e0       0x58 ./Drivers/STM32F1xx_HAL_Driver/Src/stm32f1xx_hal_gpio.o
 .debug_aranges
                0x00000738       0x90 ./Drivers/STM32F1xx_HAL_Driver/Src/stm32f1xx_hal_rcc.o
 .debug_aranges
                0x000007c8      0x3d0 ./Drivers/STM32F1xx_HAL_Driver/Src/stm32f1xx_hal_tim.o
 .debug_aranges
                0x00000b98      0x168 ./Drivers/STM32F1xx_HAL_Driver/Src/stm32f1xx_hal_tim_ex.o
 .debug_aranges
                0x00000d00      0x208 ./Drivers/STM32F1xx_HAL_Driver/Src/stm32f1xx_hal_uart.o

.debug_rnglists
                0x00000000      0xb8f
 .debug_rnglists
                0x00000000       0x7a ./Core/Src/atk_mw1278d.o
 .debug_rnglists
                0x0000007a       0x38 ./Core/Src/atk_mw1278d_uart.o
 .debug_rnglists
                0x000000b2       0x29 ./Core/Src/bms_globals.o
 .debug_rnglists
                0x000000db       0x39 ./Core/Src/can.o
 .debug_rnglists
                0x00000114       0x25 ./Core/Src/delay.o
 .debug_rnglists
                0x00000139       0x14 ./Core/Src/demo.o
 .debug_rnglists
                0x0000014d       0x14 ./Core/Src/gpio.o
 .debug_rnglists
                0x00000161       0x21 ./Core/Src/main.o
 .debug_rnglists
                0x00000182       0x13 ./Core/Src/stm32f1xx_hal_msp.o
 .debug_rnglists
                0x00000195       0x4f ./Core/Src/stm32f1xx_it.o
 .debug_rnglists
                0x000001e4       0x13 ./Core/Src/sysmem.o
 .debug_rnglists
                0x000001f7       0x1a ./Core/Src/system_stm32f1xx.o
 .debug_rnglists
                0x00000211       0x20 ./Core/Src/tim.o
 .debug_rnglists
                0x00000231       0x53 ./Core/Src/usart.o
 .debug_rnglists
                0x00000284       0x19 ./Core/Startup/startup_stm32f103c8tx.o
 .debug_rnglists
                0x0000029d       0xa3 ./Drivers/STM32F1xx_HAL_Driver/Src/stm32f1xx_hal.o
 .debug_rnglists
                0x00000340       0xee ./Drivers/STM32F1xx_HAL_Driver/Src/stm32f1xx_hal_can.o
 .debug_rnglists
                0x0000042e       0xbb ./Drivers/STM32F1xx_HAL_Driver/Src/stm32f1xx_hal_cortex.o
 .debug_rnglists
                0x000004e9       0x3f ./Drivers/STM32F1xx_HAL_Driver/Src/stm32f1xx_hal_gpio.o
 .debug_rnglists
                0x00000528       0x6c ./Drivers/STM32F1xx_HAL_Driver/Src/stm32f1xx_hal_rcc.o
 .debug_rnglists
                0x00000594      0x31a ./Drivers/STM32F1xx_HAL_Driver/Src/stm32f1xx_hal_tim.o
 .debug_rnglists
                0x000008ae      0x125 ./Drivers/STM32F1xx_HAL_Driver/Src/stm32f1xx_hal_tim_ex.o
 .debug_rnglists
                0x000009d3      0x1bc ./Drivers/STM32F1xx_HAL_Driver/Src/stm32f1xx_hal_uart.o

.debug_macro    0x00000000    0x1987c
 .debug_macro   0x00000000      0x2e1 ./Core/Src/atk_mw1278d.o
 .debug_macro   0x000002e1      0xacc ./Core/Src/atk_mw1278d.o
 .debug_macro   0x00000dad       0x2e ./Core/Src/atk_mw1278d.o
 .debug_macro   0x00000ddb       0x22 ./Core/Src/atk_mw1278d.o
 .debug_macro   0x00000dfd       0x22 ./Core/Src/atk_mw1278d.o
 .debug_macro   0x00000e1f       0x8e ./Core/Src/atk_mw1278d.o
 .debug_macro   0x00000ead       0x51 ./Core/Src/atk_mw1278d.o
 .debug_macro   0x00000efe      0x103 ./Core/Src/atk_mw1278d.o
 .debug_macro   0x00001001       0x6a ./Core/Src/atk_mw1278d.o
 .debug_macro   0x0000106b      0x1df ./Core/Src/atk_mw1278d.o
 .debug_macro   0x0000124a       0x1c ./Core/Src/atk_mw1278d.o
 .debug_macro   0x00001266       0x22 ./Core/Src/atk_mw1278d.o
 .debug_macro   0x00001288       0xbd ./Core/Src/atk_mw1278d.o
 .debug_macro   0x00001345      0xd23 ./Core/Src/atk_mw1278d.o
 .debug_macro   0x00002068     0xe09e ./Core/Src/atk_mw1278d.o
 .debug_macro   0x00010106       0x6d ./Core/Src/atk_mw1278d.o
 .debug_macro   0x00010173      0x221 ./Core/Src/atk_mw1278d.o
 .debug_macro   0x00010394     0x348d ./Core/Src/atk_mw1278d.o
 .debug_macro   0x00013821      0x190 ./Core/Src/atk_mw1278d.o
 .debug_macro   0x000139b1       0x5c ./Core/Src/atk_mw1278d.o
 .debug_macro   0x00013a0d      0x5bc ./Core/Src/atk_mw1278d.o
 .debug_macro   0x00013fc9      0x289 ./Core/Src/atk_mw1278d.o
 .debug_macro   0x00014252      0x1cb ./Core/Src/atk_mw1278d.o
 .debug_macro   0x0001441d      0x114 ./Core/Src/atk_mw1278d.o
 .debug_macro   0x00014531      0x1b2 ./Core/Src/atk_mw1278d.o
 .debug_macro   0x000146e3       0x27 ./Core/Src/atk_mw1278d.o
 .debug_macro   0x0001470a      0x136 ./Core/Src/atk_mw1278d.o
 .debug_macro   0x00014840      0x1bc ./Core/Src/atk_mw1278d.o
 .debug_macro   0x000149fc       0x34 ./Core/Src/atk_mw1278d.o
 .debug_macro   0x00014a30       0x3c ./Core/Src/atk_mw1278d.o
 .debug_macro   0x00014a6c      0x408 ./Core/Src/atk_mw1278d.o
 .debug_macro   0x00014e74       0x57 ./Core/Src/atk_mw1278d.o
 .debug_macro   0x00014ecb       0x87 ./Core/Src/atk_mw1278d.o
 .debug_macro   0x00014f52      0x240 ./Core/Src/atk_mw1278d.o
 .debug_macro   0x00015192      0x140 ./Core/Src/atk_mw1278d.o
 .debug_macro   0x000152d2      0x8ed ./Core/Src/atk_mw1278d.o
 .debug_macro   0x00015bbf      0x28e ./Core/Src/atk_mw1278d.o
 .debug_macro   0x00015e4d       0x83 ./Core/Src/atk_mw1278d.o
 .debug_macro   0x00015ed0       0x70 ./Core/Src/atk_mw1278d.o
 .debug_macro   0x00015f40       0x58 ./Core/Src/atk_mw1278d.o
 .debug_macro   0x00015f98       0x61 ./Core/Src/atk_mw1278d.o
 .debug_macro   0x00015ff9       0x24 ./Core/Src/atk_mw1278d.o
 .debug_macro   0x0001601d       0x43 ./Core/Src/atk_mw1278d.o
 .debug_macro   0x00016060       0x34 ./Core/Src/atk_mw1278d.o
 .debug_macro   0x00016094      0x370 ./Core/Src/atk_mw1278d.o
 .debug_macro   0x00016404       0x16 ./Core/Src/atk_mw1278d.o
 .debug_macro   0x0001641a       0x4a ./Core/Src/atk_mw1278d.o
 .debug_macro   0x00016464       0x34 ./Core/Src/atk_mw1278d.o
 .debug_macro   0x00016498       0x10 ./Core/Src/atk_mw1278d.o
 .debug_macro   0x000164a8       0x58 ./Core/Src/atk_mw1278d.o
 .debug_macro   0x00016500       0x8e ./Core/Src/atk_mw1278d.o
 .debug_macro   0x0001658e       0x1c ./Core/Src/atk_mw1278d.o
 .debug_macro   0x000165aa      0x185 ./Core/Src/atk_mw1278d.o
 .debug_macro   0x0001672f       0x10 ./Core/Src/atk_mw1278d.o
 .debug_macro   0x0001673f       0x3c ./Core/Src/atk_mw1278d.o
 .debug_macro   0x0001677b       0x20 ./Core/Src/atk_mw1278d.o
 .debug_macro   0x0001679b       0x1c ./Core/Src/atk_mw1278d.o
 .debug_macro   0x000167b7       0x10 ./Core/Src/atk_mw1278d.o
 .debug_macro   0x000167c7       0x1c ./Core/Src/atk_mw1278d.o
 .debug_macro   0x000167e3       0x16 ./Core/Src/atk_mw1278d.o
 .debug_macro   0x000167f9      0x146 ./Core/Src/atk_mw1278d.o
 .debug_macro   0x0001693f      0x2ff ./Core/Src/atk_mw1278d_uart.o
 .debug_macro   0x00016c3e       0x6a ./Core/Src/atk_mw1278d_uart.o
 .debug_macro   0x00016ca8       0xa6 ./Core/Src/atk_mw1278d_uart.o
 .debug_macro   0x00016d4e       0x16 ./Core/Src/atk_mw1278d_uart.o
 .debug_macro   0x00016d64       0x16 ./Core/Src/atk_mw1278d_uart.o
 .debug_macro   0x00016d7a       0x16 ./Core/Src/atk_mw1278d_uart.o
 .debug_macro   0x00016d90       0x52 ./Core/Src/atk_mw1278d_uart.o
 .debug_macro   0x00016de2       0x4c ./Core/Src/atk_mw1278d_uart.o
 .debug_macro   0x00016e2e      0x29e ./Core/Src/bms_globals.o
 .debug_macro   0x000170cc      0x1c6 ./Core/Src/can.o
 .debug_macro   0x00017292       0xa0 ./Core/Src/can.o
 .debug_macro   0x00017332      0x1cb ./Core/Src/delay.o
 .debug_macro   0x000174fd      0x33f ./Core/Src/demo.o
 .debug_macro   0x0001783c      0x1c6 ./Core/Src/gpio.o
 .debug_macro   0x00017a02      0x338 ./Core/Src/main.o
 .debug_macro   0x00017d3a       0x10 ./Core/Src/main.o
 .debug_macro   0x00017d4a      0x1bc ./Core/Src/stm32f1xx_hal_msp.o
 .debug_macro   0x00017f06      0x1c6 ./Core/Src/stm32f1xx_it.o
 .debug_macro   0x000180cc      0x112 ./Core/Src/sysmem.o
 .debug_macro   0x000181de      0x23c ./Core/Src/sysmem.o
 .debug_macro   0x0001841a      0x1ad ./Core/Src/system_stm32f1xx.o
 .debug_macro   0x000185c7      0x1c6 ./Core/Src/tim.o
 .debug_macro   0x0001878d      0x2dc ./Core/Src/usart.o
 .debug_macro   0x00018a69      0x1d1 ./Drivers/STM32F1xx_HAL_Driver/Src/stm32f1xx_hal.o
 .debug_macro   0x00018c3a      0x1b5 ./Drivers/STM32F1xx_HAL_Driver/Src/stm32f1xx_hal_can.o
 .debug_macro   0x00018def      0x1ad ./Drivers/STM32F1xx_HAL_Driver/Src/stm32f1xx_hal_cortex.o
 .debug_macro   0x00018f9c      0x218 ./Drivers/STM32F1xx_HAL_Driver/Src/stm32f1xx_hal_gpio.o
 .debug_macro   0x000191b4      0x1bf ./Drivers/STM32F1xx_HAL_Driver/Src/stm32f1xx_hal_rcc.o
 .debug_macro   0x00019373      0x1ae ./Drivers/STM32F1xx_HAL_Driver/Src/stm32f1xx_hal_tim.o
 .debug_macro   0x00019521      0x1ad ./Drivers/STM32F1xx_HAL_Driver/Src/stm32f1xx_hal_tim_ex.o
 .debug_macro   0x000196ce      0x1ae ./Drivers/STM32F1xx_HAL_Driver/Src/stm32f1xx_hal_uart.o

.debug_line     0x00000000    0x12f67
 .debug_line    0x00000000      0xbf3 ./Core/Src/atk_mw1278d.o
 .debug_line    0x00000bf3      0xa07 ./Core/Src/atk_mw1278d_uart.o
 .debug_line    0x000015fa      0xacb ./Core/Src/bms_globals.o
 .debug_line    0x000020c5      0xac0 ./Core/Src/can.o
 .debug_line    0x00002b85      0x7c2 ./Core/Src/delay.o
 .debug_line    0x00003347      0x922 ./Core/Src/demo.o
 .debug_line    0x00003c69      0x73c ./Core/Src/gpio.o
 .debug_line    0x000043a5      0xa86 ./Core/Src/main.o
 .debug_line    0x00004e2b      0x715 ./Core/Src/stm32f1xx_hal_msp.o
 .debug_line    0x00005540      0x7f2 ./Core/Src/stm32f1xx_it.o
 .debug_line    0x00005d32      0x588 ./Core/Src/sysmem.o
 .debug_line    0x000062ba      0x792 ./Core/Src/system_stm32f1xx.o
 .debug_line    0x00006a4c      0x78d ./Core/Src/tim.o
 .debug_line    0x000071d9      0xb1d ./Core/Src/usart.o
 .debug_line    0x00007cf6       0x78 ./Core/Startup/startup_stm32f103c8tx.o
 .debug_line    0x00007d6e      0x9c3 ./Drivers/STM32F1xx_HAL_Driver/Src/stm32f1xx_hal.o
 .debug_line    0x00008731     0x11bf ./Drivers/STM32F1xx_HAL_Driver/Src/stm32f1xx_hal_can.o
 .debug_line    0x000098f0      0xb8d ./Drivers/STM32F1xx_HAL_Driver/Src/stm32f1xx_hal_cortex.o
 .debug_line    0x0000a47d      0xa20 ./Drivers/STM32F1xx_HAL_Driver/Src/stm32f1xx_hal_gpio.o
 .debug_line    0x0000ae9d      0xe7c ./Drivers/STM32F1xx_HAL_Driver/Src/stm32f1xx_hal_rcc.o
 .debug_line    0x0000bd19     0x3496 ./Drivers/STM32F1xx_HAL_Driver/Src/stm32f1xx_hal_tim.o
 .debug_line    0x0000f1af     0x1897 ./Drivers/STM32F1xx_HAL_Driver/Src/stm32f1xx_hal_tim_ex.o
 .debug_line    0x00010a46     0x2521 ./Drivers/STM32F1xx_HAL_Driver/Src/stm32f1xx_hal_uart.o

.debug_str      0x00000000    0x8e239
 .debug_str     0x00000000    0x8e239 ./Core/Src/atk_mw1278d.o
                              0x89db1 (size before relaxing)
 .debug_str     0x0008e239    0x8a0df ./Core/Src/atk_mw1278d_uart.o
 .debug_str     0x0008e239    0x88e68 ./Core/Src/bms_globals.o
 .debug_str     0x0008e239    0x86421 ./Core/Src/can.o
 .debug_str     0x0008e239    0x85889 ./Core/Src/delay.o
 .debug_str     0x0008e239    0x8a059 ./Core/Src/demo.o
 .debug_str     0x0008e239    0x85b2e ./Core/Src/gpio.o
 .debug_str     0x0008e239    0x8a18d ./Core/Src/main.o
 .debug_str     0x0008e239    0x85ab6 ./Core/Src/stm32f1xx_hal_msp.o
 .debug_str     0x0008e239    0x85dc0 ./Core/Src/stm32f1xx_it.o
 .debug_str     0x0008e239     0x771e ./Core/Src/sysmem.o
 .debug_str     0x0008e239    0x85888 ./Core/Src/system_stm32f1xx.o
 .debug_str     0x0008e239    0x863d7 ./Core/Src/tim.o
 .debug_str     0x0008e239    0x89e00 ./Core/Src/usart.o
 .debug_str     0x0008e239       0x78 ./Core/Startup/startup_stm32f103c8tx.o
 .debug_str     0x0008e239    0x85fbb ./Drivers/STM32F1xx_HAL_Driver/Src/stm32f1xx_hal.o
 .debug_str     0x0008e239    0x86088 ./Drivers/STM32F1xx_HAL_Driver/Src/stm32f1xx_hal_can.o
 .debug_str     0x0008e239    0x85f07 ./Drivers/STM32F1xx_HAL_Driver/Src/stm32f1xx_hal_cortex.o
 .debug_str     0x0008e239    0x85c0e ./Drivers/STM32F1xx_HAL_Driver/Src/stm32f1xx_hal_gpio.o
 .debug_str     0x0008e239    0x85cb7 ./Drivers/STM32F1xx_HAL_Driver/Src/stm32f1xx_hal_rcc.o
 .debug_str     0x0008e239    0x86ca9 ./Drivers/STM32F1xx_HAL_Driver/Src/stm32f1xx_hal_tim.o
 .debug_str     0x0008e239    0x864c5 ./Drivers/STM32F1xx_HAL_Driver/Src/stm32f1xx_hal_tim_ex.o
 .debug_str     0x0008e239    0x86328 ./Drivers/STM32F1xx_HAL_Driver/Src/stm32f1xx_hal_uart.o

.comment        0x00000000       0x43
 .comment       0x00000000       0x43 ./Core/Src/atk_mw1278d.o
                                 0x44 (size before relaxing)
 .comment       0x00000043       0x44 ./Core/Src/atk_mw1278d_uart.o
 .comment       0x00000043       0x44 ./Core/Src/bms_globals.o
 .comment       0x00000043       0x44 ./Core/Src/can.o
 .comment       0x00000043       0x44 ./Core/Src/delay.o
 .comment       0x00000043       0x44 ./Core/Src/demo.o
 .comment       0x00000043       0x44 ./Core/Src/gpio.o
 .comment       0x00000043       0x44 ./Core/Src/main.o
 .comment       0x00000043       0x44 ./Core/Src/stm32f1xx_hal_msp.o
 .comment       0x00000043       0x44 ./Core/Src/stm32f1xx_it.o
 .comment       0x00000043       0x44 ./Core/Src/sysmem.o
 .comment       0x00000043       0x44 ./Core/Src/system_stm32f1xx.o
 .comment       0x00000043       0x44 ./Core/Src/tim.o
 .comment       0x00000043       0x44 ./Core/Src/usart.o
 .comment       0x00000043       0x44 ./Drivers/STM32F1xx_HAL_Driver/Src/stm32f1xx_hal.o
 .comment       0x00000043       0x44 ./Drivers/STM32F1xx_HAL_Driver/Src/stm32f1xx_hal_can.o
 .comment       0x00000043       0x44 ./Drivers/STM32F1xx_HAL_Driver/Src/stm32f1xx_hal_cortex.o
 .comment       0x00000043       0x44 ./Drivers/STM32F1xx_HAL_Driver/Src/stm32f1xx_hal_gpio.o
 .comment       0x00000043       0x44 ./Drivers/STM32F1xx_HAL_Driver/Src/stm32f1xx_hal_rcc.o
 .comment       0x00000043       0x44 ./Drivers/STM32F1xx_HAL_Driver/Src/stm32f1xx_hal_tim.o
 .comment       0x00000043       0x44 ./Drivers/STM32F1xx_HAL_Driver/Src/stm32f1xx_hal_tim_ex.o
 .comment       0x00000043       0x44 ./Drivers/STM32F1xx_HAL_Driver/Src/stm32f1xx_hal_uart.o

.debug_frame    0x00000000     0x43d4
 .debug_frame   0x00000000      0x280 ./Core/Src/atk_mw1278d.o
 .debug_frame   0x00000280      0x114 ./Core/Src/atk_mw1278d_uart.o
 .debug_frame   0x00000394       0x94 ./Core/Src/bms_globals.o
 .debug_frame   0x00000428      0x104 ./Core/Src/can.o
 .debug_frame   0x0000052c       0xa4 ./Core/Src/delay.o
 .debug_frame   0x000005d0       0x34 ./Core/Src/demo.o
 .debug_frame   0x00000604       0x34 ./Core/Src/gpio.o
 .debug_frame   0x00000638       0x70 ./Core/Src/main.o
 .debug_frame   0x000006a8       0x38 ./Core/Src/stm32f1xx_hal_msp.o
 .debug_frame   0x000006e0      0x13c ./Core/Src/stm32f1xx_it.o
 .debug_frame   0x0000081c       0x34 ./Core/Src/sysmem.o
 .debug_frame   0x00000850       0x58 ./Core/Src/system_stm32f1xx.o
 .debug_frame   0x000008a8       0x7c ./Core/Src/tim.o
 .debug_frame   0x00000924      0x18c ./Core/Src/usart.o
 .debug_frame   0x00000ab0      0x334 ./Drivers/STM32F1xx_HAL_Driver/Src/stm32f1xx_hal.o
 .debug_frame   0x00000de4      0x5a0 ./Drivers/STM32F1xx_HAL_Driver/Src/stm32f1xx_hal_can.o
 .debug_frame   0x00001384      0x428 ./Drivers/STM32F1xx_HAL_Driver/Src/stm32f1xx_hal_cortex.o
 .debug_frame   0x000017ac      0x14c ./Drivers/STM32F1xx_HAL_Driver/Src/stm32f1xx_hal_gpio.o
 .debug_frame   0x000018f8      0x218 ./Drivers/STM32F1xx_HAL_Driver/Src/stm32f1xx_hal_rcc.o
 .debug_frame   0x00001b10     0x11bc ./Drivers/STM32F1xx_HAL_Driver/Src/stm32f1xx_hal_tim.o
 .debug_frame   0x00002ccc      0x638 ./Drivers/STM32F1xx_HAL_Driver/Src/stm32f1xx_hal_tim_ex.o
 .debug_frame   0x00003304      0x944 ./Drivers/STM32F1xx_HAL_Driver/Src/stm32f1xx_hal_uart.o
 .debug_frame   0x00003c48      0x144 D:/ST/STM32CubeIDE_1.18.0/STM32CubeIDE/plugins/com.st.stm32cube.ide.mcu.externaltools.gnu-tools-for-stm32.13.3.rel1.win32_1.0.0.202411081344/tools/bin/../lib/gcc/arm-none-eabi/13.3.1/../../../../arm-none-eabi/lib/thumb/v7-m/nofp\libc_nano.a(libc_a-findfp.o)
 .debug_frame   0x00003d8c       0x74 D:/ST/STM32CubeIDE_1.18.0/STM32CubeIDE/plugins/com.st.stm32cube.ide.mcu.externaltools.gnu-tools-for-stm32.13.3.rel1.win32_1.0.0.202411081344/tools/bin/../lib/gcc/arm-none-eabi/13.3.1/../../../../arm-none-eabi/lib/thumb/v7-m/nofp\libc_nano.a(libc_a-sprintf.o)
 .debug_frame   0x00003e00       0x40 D:/ST/STM32CubeIDE_1.18.0/STM32CubeIDE/plugins/com.st.stm32cube.ide.mcu.externaltools.gnu-tools-for-stm32.13.3.rel1.win32_1.0.0.202411081344/tools/bin/../lib/gcc/arm-none-eabi/13.3.1/../../../../arm-none-eabi/lib/thumb/v7-m/nofp\libc_nano.a(libc_a-vsprintf.o)
 .debug_frame   0x00003e40       0x20 D:/ST/STM32CubeIDE_1.18.0/STM32CubeIDE/plugins/com.st.stm32cube.ide.mcu.externaltools.gnu-tools-for-stm32.13.3.rel1.win32_1.0.0.202411081344/tools/bin/../lib/gcc/arm-none-eabi/13.3.1/../../../../arm-none-eabi/lib/thumb/v7-m/nofp\libc_nano.a(libc_a-memset.o)
 .debug_frame   0x00003e60       0x2c D:/ST/STM32CubeIDE_1.18.0/STM32CubeIDE/plugins/com.st.stm32cube.ide.mcu.externaltools.gnu-tools-for-stm32.13.3.rel1.win32_1.0.0.202411081344/tools/bin/../lib/gcc/arm-none-eabi/13.3.1/../../../../arm-none-eabi/lib/thumb/v7-m/nofp\libc_nano.a(libc_a-strstr.o)
 .debug_frame   0x00003e8c       0x38 D:/ST/STM32CubeIDE_1.18.0/STM32CubeIDE/plugins/com.st.stm32cube.ide.mcu.externaltools.gnu-tools-for-stm32.13.3.rel1.win32_1.0.0.202411081344/tools/bin/../lib/gcc/arm-none-eabi/13.3.1/../../../../arm-none-eabi/lib/thumb/v7-m/nofp\libc_nano.a(libc_a-reent.o)
 .debug_frame   0x00003ec4       0x20 D:/ST/STM32CubeIDE_1.18.0/STM32CubeIDE/plugins/com.st.stm32cube.ide.mcu.externaltools.gnu-tools-for-stm32.13.3.rel1.win32_1.0.0.202411081344/tools/bin/../lib/gcc/arm-none-eabi/13.3.1/../../../../arm-none-eabi/lib/thumb/v7-m/nofp\libc_nano.a(libc_a-errno.o)
 .debug_frame   0x00003ee4       0x2c D:/ST/STM32CubeIDE_1.18.0/STM32CubeIDE/plugins/com.st.stm32cube.ide.mcu.externaltools.gnu-tools-for-stm32.13.3.rel1.win32_1.0.0.202411081344/tools/bin/../lib/gcc/arm-none-eabi/13.3.1/../../../../arm-none-eabi/lib/thumb/v7-m/nofp\libc_nano.a(libc_a-init.o)
 .debug_frame   0x00003f10       0xb0 D:/ST/STM32CubeIDE_1.18.0/STM32CubeIDE/plugins/com.st.stm32cube.ide.mcu.externaltools.gnu-tools-for-stm32.13.3.rel1.win32_1.0.0.202411081344/tools/bin/../lib/gcc/arm-none-eabi/13.3.1/../../../../arm-none-eabi/lib/thumb/v7-m/nofp\libc_nano.a(libc_a-lock.o)
 .debug_frame   0x00003fc0       0x38 D:/ST/STM32CubeIDE_1.18.0/STM32CubeIDE/plugins/com.st.stm32cube.ide.mcu.externaltools.gnu-tools-for-stm32.13.3.rel1.win32_1.0.0.202411081344/tools/bin/../lib/gcc/arm-none-eabi/13.3.1/../../../../arm-none-eabi/lib/thumb/v7-m/nofp\libc_nano.a(libc_a-freer.o)
 .debug_frame   0x00003ff8       0x50 D:/ST/STM32CubeIDE_1.18.0/STM32CubeIDE/plugins/com.st.stm32cube.ide.mcu.externaltools.gnu-tools-for-stm32.13.3.rel1.win32_1.0.0.202411081344/tools/bin/../lib/gcc/arm-none-eabi/13.3.1/../../../../arm-none-eabi/lib/thumb/v7-m/nofp\libc_nano.a(libc_a-mallocr.o)
 .debug_frame   0x00004048       0x30 D:/ST/STM32CubeIDE_1.18.0/STM32CubeIDE/plugins/com.st.stm32cube.ide.mcu.externaltools.gnu-tools-for-stm32.13.3.rel1.win32_1.0.0.202411081344/tools/bin/../lib/gcc/arm-none-eabi/13.3.1/../../../../arm-none-eabi/lib/thumb/v7-m/nofp\libc_nano.a(libc_a-mlock.o)
 .debug_frame   0x00004078       0x90 D:/ST/STM32CubeIDE_1.18.0/STM32CubeIDE/plugins/com.st.stm32cube.ide.mcu.externaltools.gnu-tools-for-stm32.13.3.rel1.win32_1.0.0.202411081344/tools/bin/../lib/gcc/arm-none-eabi/13.3.1/../../../../arm-none-eabi/lib/thumb/v7-m/nofp\libc_nano.a(libc_a-nano-svfprintf.o)
 .debug_frame   0x00004108       0x60 D:/ST/STM32CubeIDE_1.18.0/STM32CubeIDE/plugins/com.st.stm32cube.ide.mcu.externaltools.gnu-tools-for-stm32.13.3.rel1.win32_1.0.0.202411081344/tools/bin/../lib/gcc/arm-none-eabi/13.3.1/../../../../arm-none-eabi/lib/thumb/v7-m/nofp\libc_nano.a(libc_a-nano-vfprintf_i.o)
 .debug_frame   0x00004168       0x28 D:/ST/STM32CubeIDE_1.18.0/STM32CubeIDE/plugins/com.st.stm32cube.ide.mcu.externaltools.gnu-tools-for-stm32.13.3.rel1.win32_1.0.0.202411081344/tools/bin/../lib/gcc/arm-none-eabi/13.3.1/../../../../arm-none-eabi/lib/thumb/v7-m/nofp\libc_nano.a(libc_a-memmove.o)
 .debug_frame   0x00004190       0x2c D:/ST/STM32CubeIDE_1.18.0/STM32CubeIDE/plugins/com.st.stm32cube.ide.mcu.externaltools.gnu-tools-for-stm32.13.3.rel1.win32_1.0.0.202411081344/tools/bin/../lib/gcc/arm-none-eabi/13.3.1/../../../../arm-none-eabi/lib/thumb/v7-m/nofp\libc_nano.a(libc_a-sbrkr.o)
 .debug_frame   0x000041bc       0x28 D:/ST/STM32CubeIDE_1.18.0/STM32CubeIDE/plugins/com.st.stm32cube.ide.mcu.externaltools.gnu-tools-for-stm32.13.3.rel1.win32_1.0.0.202411081344/tools/bin/../lib/gcc/arm-none-eabi/13.3.1/../../../../arm-none-eabi/lib/thumb/v7-m/nofp\libc_nano.a(libc_a-memchr-stub.o)
 .debug_frame   0x000041e4       0x28 D:/ST/STM32CubeIDE_1.18.0/STM32CubeIDE/plugins/com.st.stm32cube.ide.mcu.externaltools.gnu-tools-for-stm32.13.3.rel1.win32_1.0.0.202411081344/tools/bin/../lib/gcc/arm-none-eabi/13.3.1/../../../../arm-none-eabi/lib/thumb/v7-m/nofp\libc_nano.a(libc_a-memcpy-stub.o)
 .debug_frame   0x0000420c       0x3c D:/ST/STM32CubeIDE_1.18.0/STM32CubeIDE/plugins/com.st.stm32cube.ide.mcu.externaltools.gnu-tools-for-stm32.13.3.rel1.win32_1.0.0.202411081344/tools/bin/../lib/gcc/arm-none-eabi/13.3.1/../../../../arm-none-eabi/lib/thumb/v7-m/nofp\libc_nano.a(libc_a-reallocr.o)
 .debug_frame   0x00004248       0x20 D:/ST/STM32CubeIDE_1.18.0/STM32CubeIDE/plugins/com.st.stm32cube.ide.mcu.externaltools.gnu-tools-for-stm32.13.3.rel1.win32_1.0.0.202411081344/tools/bin/../lib/gcc/arm-none-eabi/13.3.1/../../../../arm-none-eabi/lib/thumb/v7-m/nofp\libc_nano.a(libc_a-msizer.o)
 .debug_frame   0x00004268       0xac D:/ST/STM32CubeIDE_1.18.0/STM32CubeIDE/plugins/com.st.stm32cube.ide.mcu.externaltools.gnu-tools-for-stm32.13.3.rel1.win32_1.0.0.202411081344/tools/bin/../lib/gcc/arm-none-eabi/13.3.1/thumb/v7-m/nofp\libgcc.a(_arm_addsubdf3.o)
 .debug_frame   0x00004314       0x50 D:/ST/STM32CubeIDE_1.18.0/STM32CubeIDE/plugins/com.st.stm32cube.ide.mcu.externaltools.gnu-tools-for-stm32.13.3.rel1.win32_1.0.0.202411081344/tools/bin/../lib/gcc/arm-none-eabi/13.3.1/thumb/v7-m/nofp\libgcc.a(_arm_muldivdf3.o)